Archive member included to satisfy reference by file (symbol)

c:/st/stm32cubeide_1.6.1/stm32cubeide/plugins/com.st.stm32cube.ide.mcu.externaltools.gnu-tools-for-stm32.9-2020-q2-update.win32_1.5.0.202011040924/tools/bin/../lib/gcc/arm-none-eabi/9.3.1/../../../../arm-none-eabi/lib/thumb/v6-m/nofp\libc_nano.a(lib_a-errno.o)
                              Core/Src/syscalls.o (__errno)
c:/st/stm32cubeide_1.6.1/stm32cubeide/plugins/com.st.stm32cube.ide.mcu.externaltools.gnu-tools-for-stm32.9-2020-q2-update.win32_1.5.0.202011040924/tools/bin/../lib/gcc/arm-none-eabi/9.3.1/../../../../arm-none-eabi/lib/thumb/v6-m/nofp\libc_nano.a(lib_a-exit.o)
                              c:/st/stm32cubeide_1.6.1/stm32cubeide/plugins/com.st.stm32cube.ide.mcu.externaltools.gnu-tools-for-stm32.9-2020-q2-update.win32_1.5.0.202011040924/tools/bin/../lib/gcc/arm-none-eabi/9.3.1/../../../../arm-none-eabi/lib/thumb/v6-m/nofp/crt0.o (exit)
c:/st/stm32cubeide_1.6.1/stm32cubeide/plugins/com.st.stm32cube.ide.mcu.externaltools.gnu-tools-for-stm32.9-2020-q2-update.win32_1.5.0.202011040924/tools/bin/../lib/gcc/arm-none-eabi/9.3.1/../../../../arm-none-eabi/lib/thumb/v6-m/nofp\libc_nano.a(lib_a-impure.o)
                              c:/st/stm32cubeide_1.6.1/stm32cubeide/plugins/com.st.stm32cube.ide.mcu.externaltools.gnu-tools-for-stm32.9-2020-q2-update.win32_1.5.0.202011040924/tools/bin/../lib/gcc/arm-none-eabi/9.3.1/../../../../arm-none-eabi/lib/thumb/v6-m/nofp\libc_nano.a(lib_a-exit.o) (_global_impure_ptr)
c:/st/stm32cubeide_1.6.1/stm32cubeide/plugins/com.st.stm32cube.ide.mcu.externaltools.gnu-tools-for-stm32.9-2020-q2-update.win32_1.5.0.202011040924/tools/bin/../lib/gcc/arm-none-eabi/9.3.1/../../../../arm-none-eabi/lib/thumb/v6-m/nofp\libc_nano.a(lib_a-init.o)
                              c:/st/stm32cubeide_1.6.1/stm32cubeide/plugins/com.st.stm32cube.ide.mcu.externaltools.gnu-tools-for-stm32.9-2020-q2-update.win32_1.5.0.202011040924/tools/bin/../lib/gcc/arm-none-eabi/9.3.1/../../../../arm-none-eabi/lib/thumb/v6-m/nofp/crt0.o (__libc_init_array)
c:/st/stm32cubeide_1.6.1/stm32cubeide/plugins/com.st.stm32cube.ide.mcu.externaltools.gnu-tools-for-stm32.9-2020-q2-update.win32_1.5.0.202011040924/tools/bin/../lib/gcc/arm-none-eabi/9.3.1/../../../../arm-none-eabi/lib/thumb/v6-m/nofp\libc_nano.a(lib_a-memset.o)
                              c:/st/stm32cubeide_1.6.1/stm32cubeide/plugins/com.st.stm32cube.ide.mcu.externaltools.gnu-tools-for-stm32.9-2020-q2-update.win32_1.5.0.202011040924/tools/bin/../lib/gcc/arm-none-eabi/9.3.1/../../../../arm-none-eabi/lib/thumb/v6-m/nofp/crt0.o (memset)
c:/st/stm32cubeide_1.6.1/stm32cubeide/plugins/com.st.stm32cube.ide.mcu.externaltools.gnu-tools-for-stm32.9-2020-q2-update.win32_1.5.0.202011040924/tools/bin/../lib/gcc/arm-none-eabi/9.3.1/../../../../arm-none-eabi/lib/thumb/v6-m/nofp\libc_nano.a(lib_a-sprintf.o)
                              Core/Src/main.o (sprintf)
c:/st/stm32cubeide_1.6.1/stm32cubeide/plugins/com.st.stm32cube.ide.mcu.externaltools.gnu-tools-for-stm32.9-2020-q2-update.win32_1.5.0.202011040924/tools/bin/../lib/gcc/arm-none-eabi/9.3.1/../../../../arm-none-eabi/lib/thumb/v6-m/nofp\libc_nano.a(lib_a-strlen.o)
                              Core/Src/main.o (strlen)
c:/st/stm32cubeide_1.6.1/stm32cubeide/plugins/com.st.stm32cube.ide.mcu.externaltools.gnu-tools-for-stm32.9-2020-q2-update.win32_1.5.0.202011040924/tools/bin/../lib/gcc/arm-none-eabi/9.3.1/../../../../arm-none-eabi/lib/thumb/v6-m/nofp\libc_nano.a(lib_a-nano-svfprintf.o)
                              c:/st/stm32cubeide_1.6.1/stm32cubeide/plugins/com.st.stm32cube.ide.mcu.externaltools.gnu-tools-for-stm32.9-2020-q2-update.win32_1.5.0.202011040924/tools/bin/../lib/gcc/arm-none-eabi/9.3.1/../../../../arm-none-eabi/lib/thumb/v6-m/nofp\libc_nano.a(lib_a-sprintf.o) (_svfprintf_r)
c:/st/stm32cubeide_1.6.1/stm32cubeide/plugins/com.st.stm32cube.ide.mcu.externaltools.gnu-tools-for-stm32.9-2020-q2-update.win32_1.5.0.202011040924/tools/bin/../lib/gcc/arm-none-eabi/9.3.1/../../../../arm-none-eabi/lib/thumb/v6-m/nofp\libc_nano.a(lib_a-nano-vfprintf_i.o)
                              c:/st/stm32cubeide_1.6.1/stm32cubeide/plugins/com.st.stm32cube.ide.mcu.externaltools.gnu-tools-for-stm32.9-2020-q2-update.win32_1.5.0.202011040924/tools/bin/../lib/gcc/arm-none-eabi/9.3.1/../../../../arm-none-eabi/lib/thumb/v6-m/nofp\libc_nano.a(lib_a-nano-svfprintf.o) (_printf_i)
c:/st/stm32cubeide_1.6.1/stm32cubeide/plugins/com.st.stm32cube.ide.mcu.externaltools.gnu-tools-for-stm32.9-2020-q2-update.win32_1.5.0.202011040924/tools/bin/../lib/gcc/arm-none-eabi/9.3.1/../../../../arm-none-eabi/lib/thumb/v6-m/nofp\libc_nano.a(lib_a-memchr-stub.o)
                              c:/st/stm32cubeide_1.6.1/stm32cubeide/plugins/com.st.stm32cube.ide.mcu.externaltools.gnu-tools-for-stm32.9-2020-q2-update.win32_1.5.0.202011040924/tools/bin/../lib/gcc/arm-none-eabi/9.3.1/../../../../arm-none-eabi/lib/thumb/v6-m/nofp\libc_nano.a(lib_a-nano-svfprintf.o) (memchr)
[...]
Memory Configuration

Name             Origin             Length             Attributes
RAM              0x0000000020000000 0x0000000000002000 xrw
FLASH            0x0000000008000000 0x0000000000010000 xr
*default*        0x0000000000000000 0xffffffffffffffff

Linker script and memory map

LOAD c:/st/stm32cubeide_1.6.1/stm32cubeide/plugins/com.st.stm32cube.ide.mcu.externaltools.gnu-tools-for-stm32.9-2020-q2-update.win32_1.5.0.202011040924/tools/bin/../lib/gcc/arm-none-eabi/9.3.1/thumb/v6-m/nofp/crti.o
LOAD c:/st/stm32cubeide_1.6.1/stm32cubeide/plugins/com.st.stm32cube.ide.mcu.externaltools.gnu-tools-for-stm32.9-2020-q2-update.win32_1.5.0.202011040924/tools/bin/../lib/gcc/arm-none-eabi/9.3.1/thumb/v6-m/nofp/crtbegin.o
LOAD c:/st/stm32cubeide_1.6.1/stm32cubeide/plugins/com.st.stm32cube.ide.mcu.externaltools.gnu-tools-for-stm32.9-2020-q2-update.win32_1.5.0.202011040924/tools/bin/../lib/gcc/arm-none-eabi/9.3.1/../../../../arm-none-eabi/lib/thumb/v6-m/nofp/crt0.o
LOAD Core/Src/main.o
LOAD Core/Src/stm32f0xx_hal_msp.o
LOAD Core/Src/stm32f0xx_it.o
LOAD Core/Src/syscalls.o
LOAD Core/Src/sysmem.o
LOAD Core/Src/system_stm32f0xx.o
LOAD Core/Startup/startup_stm32f051r8tx.o
LOAD Drivers/STM32F0xx_HAL_Driver/Src/stm32f0xx_hal.o
LOAD Drivers/STM32F0xx_HAL_Driver/Src/stm32f0xx_hal_cortex.o
LOAD Drivers/STM32F0xx_HAL_Driver/Src/stm32f0xx_hal_dma.o
LOAD Drivers/STM32F0xx_HAL_Driver/Src/stm32f0xx_hal_exti.o
LOAD Drivers/STM32F0xx_HAL_Driver/Src/stm32f0xx_hal_flash.o
LOAD Drivers/STM32F0xx_HAL_Driver/Src/stm32f0xx_hal_flash_ex.o
LOAD Drivers/STM32F0xx_HAL_Driver/Src/stm32f0xx_hal_gpio.o
LOAD Drivers/STM32F0xx_HAL_Driver/Src/stm32f0xx_hal_i2c.o
LOAD Drivers/STM32F0xx_HAL_Driver/Src/stm32f0xx_hal_i2c_ex.o
LOAD Drivers/STM32F0xx_HAL_Driver/Src/stm32f0xx_hal_pwr.o
LOAD Drivers/STM32F0xx_HAL_Driver/Src/stm32f0xx_hal_pwr_ex.o
LOAD Drivers/STM32F0xx_HAL_Driver/Src/stm32f0xx_hal_rcc.o
LOAD Drivers/STM32F0xx_HAL_Driver/Src/stm32f0xx_hal_rcc_ex.o
LOAD Drivers/STM32F0xx_HAL_Driver/Src/stm32f0xx_hal_tim.o
LOAD Drivers/STM32F0xx_HAL_Driver/Src/stm32f0xx_hal_tim_ex.o
LOAD Drivers/STM32F0xx_HAL_Driver/Src/stm32f0xx_hal_uart.o
LOAD Drivers/STM32F0xx_HAL_Driver/Src/stm32f0xx_hal_uart_ex.o
START GROUP
LOAD c:/st/stm32cubeide_1.6.1/stm32cubeide/plugins/com.st.stm32cube.ide.mcu.externaltools.gnu-tools-for-stm32.9-2020-q2-update.win32_1.5.0.202011040924/tools/bin/../lib/gcc/arm-none-eabi/9.3.1/../../../../arm-none-eabi/lib/thumb/v6-m/nofp\libc_nano.a
LOAD c:/st/stm32cubeide_1.6.1/stm32cubeide/plugins/com.st.stm32cube.ide.mcu.externaltools.gnu-tools-for-stm32.9-2020-q2-update.win32_1.5.0.202011040924/tools/bin/../lib/gcc/arm-none-eabi/9.3.1/../../../../arm-none-eabi/lib/thumb/v6-m/nofp\libm.a
END GROUP
START GROUP
LOAD c:/st/stm32cubeide_1.6.1/stm32cubeide/plugins/com.st.stm32cube.ide.mcu.externaltools.gnu-tools-for-stm32.9-2020-q2-update.win32_1.5.0.202011040924/tools/bin/../lib/gcc/arm-none-eabi/9.3.1/thumb/v6-m/nofp\libgcc.a
LOAD c:/st/stm32cubeide_1.6.1/stm32cubeide/plugins/com.st.stm32cube.ide.mcu.externaltools.gnu-tools-for-stm32.9-2020-q2-update.win32_1.5.0.202011040924/tools/bin/../lib/gcc/arm-none-eabi/9.3.1/../../../../arm-none-eabi/lib/thumb/v6-m/nofp\libc_nano.a
END GROUP
START GROUP
LOAD c:/st/stm32cubeide_1.6.1/stm32cubeide/plugins/com.st.stm32cube.ide.mcu.externaltools.gnu-tools-for-stm32.9-2020-q2-update.win32_1.5.0.202011040924/tools/bin/../lib/gcc/arm-none-eabi/9.3.1/thumb/v6-m/nofp\libgcc.a
LOAD c:/st/stm32cubeide_1.6.1/stm32cubeide/plugins/com.st.stm32cube.ide.mcu.externaltools.gnu-tools-for-stm32.9-2020-q2-update.win32_1.5.0.202011040924/tools/bin/../lib/gcc/arm-none-eabi/9.3.1/../../../../arm-none-eabi/lib/thumb/v6-m/nofp\libc_nano.a
LOAD c:/st/stm32cubeide_1.6.1/stm32cubeide/plugins/com.st.stm32cube.ide.mcu.externaltools.gnu-tools-for-stm32.9-2020-q2-update.win32_1.5.0.202011040924/tools/bin/../lib/gcc/arm-none-eabi/9.3.1/../../../../arm-none-eabi/lib/thumb/v6-m/nofp\libnosys.a
END GROUP
START GROUP
LOAD c:/st/stm32cubeide_1.6.1/stm32cubeide/plugins/com.st.stm32cube.ide.mcu.externaltools.gnu-tools-for-stm32.9-2020-q2-update.win32_1.5.0.202011040924/tools/bin/../lib/gcc/arm-none-eabi/9.3.1/thumb/v6-m/nofp\libgcc.a
LOAD c:/st/stm32cubeide_1.6.1/stm32cubeide/plugins/com.st.stm32cube.ide.mcu.externaltools.gnu-tools-for-stm32.9-2020-q2-update.win32_1.5.0.202011040924/tools/bin/../lib/gcc/arm-none-eabi/9.3.1/../../../../arm-none-eabi/lib/thumb/v6-m/nofp\libc_nano.a
LOAD c:/st/stm32cubeide_1.6.1/stm32cubeide/plugins/com.st.stm32cube.ide.mcu.externaltools.gnu-tools-for-stm32.9-2020-q2-update.win32_1.5.0.202011040924/tools/bin/../lib/gcc/arm-none-eabi/9.3.1/../../../../arm-none-eabi/lib/thumb/v6-m/nofp\libnosys.a
END GROUP
LOAD c:/st/stm32cubeide_1.6.1/stm32cubeide/plugins/com.st.stm32cube.ide.mcu.externaltools.gnu-tools-for-stm32.9-2020-q2-update.win32_1.5.0.202011040924/tools/bin/../lib/gcc/arm-none-eabi/9.3.1/thumb/v6-m/nofp/crtend.o
LOAD c:/st/stm32cubeide_1.6.1/stm32cubeide/plugins/com.st.stm32cube.ide.mcu.externaltools.gnu-tools-for-stm32.9-2020-q2-update.win32_1.5.0.202011040924/tools/bin/../lib/gcc/arm-none-eabi/9.3.1/thumb/v6-m/nofp/crtn.o
                0x0000000020002000                _estack = (ORIGIN (RAM) + LENGTH (RAM))
                0x0000000000000200                _Min_Heap_Size = 0x200
                0x0000000000000400                _Min_Stack_Size = 0x400

.isr_vector     0x0000000008000000       0xc0
                0x0000000008000000                . = ALIGN (0x4)
 *(.isr_vector)
 .isr_vector    0x0000000008000000       0xc0 Core/Startup/startup_stm32f051r8tx.o
                0x0000000008000000                g_pfnVectors
                0x00000000080000c0                . = ALIGN (0x4)

.text           0x00000000080000c0     0x7338
                0x00000000080000c0                . = ALIGN (0x4)
 *(.text)
 .text          0x00000000080000c0       0x48 c:/st/stm32cubeide_1.6.1/stm32cubeide/plugins/com.st.stm32cube.ide.mcu.externaltools.gnu-tools-for-stm32.9-2020-q2-update.win32_1.5.0.202011040924/tools/bin/../lib/gcc/arm-none-eabi/9.3.1/thumb/v6-m/nofp/crtbegin.o
 .text          0x0000000008000108        0xe c:/st/stm32cubeide_1.6.1/stm32cubeide/plugins/com.st.stm32cube.ide.mcu.externaltools.gnu-tools-for-stm32.9-2020-q2-update.win32_1.5.0.202011040924/tools/bin/../lib/gcc/arm-none-eabi/9.3.1/../../../../arm-none-eabi/lib/thumb/v6-m/nofp\libc_nano.a(lib_a-strlen.o)
                0x0000000008000108                strlen
 *fill*         0x0000000008000116        0x2 
 .text          0x0000000008000118       0x14 c:/st/stm32cubeide_1.6.1/stm32cubeide/plugins/com.st.stm32cube.ide.mcu.externaltools.gnu-tools-for-stm32.9-2020-q2-update.win32_1.5.0.202011040924/tools/bin/../lib/gcc/arm-none-eabi/9.3.1/thumb/v6-m/nofp\libgcc.a(_thumb1_case_shi.o)
                0x0000000008000118                __gnu_thumb1_case_shi
 .text          0x000000000800012c      0x114 c:/st/stm32cubeide_1.6.1/stm32cubeide/plugins/com.st.stm32cube.ide.mcu.externaltools.gnu-tools-for-stm32.9-2020-q2-update.win32_1.5.0.202011040924/tools/bin/../lib/gcc/arm-none-eabi/9.3.1/thumb/v6-m/nofp\libgcc.a(_udivsi3.o)
                0x000000000800012c                __aeabi_uidiv
                0x000000000800012c                __udivsi3
                0x0000000008000238                __aeabi_uidivmod
 .text          0x0000000008000240        0x4 c:/st/stm32cubeide_1.6.1/stm32cubeide/plugins/com.st.stm32cube.ide.mcu.externaltools.gnu-tools-for-stm32.9-2020-q2-update.win32_1.5.0.202011040924/tools/bin/../lib/gcc/arm-none-eabi/9.3.1/thumb/v6-m/nofp\libgcc.a(_dvmd_tls.o)
                0x0000000008000240                __aeabi_idiv0
                0x0000000008000240                __aeabi_ldiv0
 .text          0x0000000008000244       0x3c c:/st/stm32cubeide_1.6.1/stm32cubeide/plugins/com.st.stm32cube.ide.mcu.externaltools.gnu-tools-for-stm32.9-2020-q2-update.win32_1.5.0.202011040924/tools/bin/../lib/gcc/arm-none-eabi/9.3.1/thumb/v6-m/nofp\libgcc.a(_fixunsdfsi.o)
                0x0000000008000244                __aeabi_d2uiz
                0x0000000008000244                __fixunsdfsi
 .text          0x0000000008000280       0x8c c:/st/stm32cubeide_1.6.1/stm32cubeide/plugins/com.st.stm32cube.ide.mcu.externaltools.gnu-tools-for-stm32.9-2020-q2-update.win32_1.5.0.202011040924/tools/bin/../lib/gcc/arm-none-eabi/9.3.1/thumb/v6-m/nofp\libgcc.a(floatsisf.o)
                0x0000000008000280                __aeabi_i2f
 .text          0x000000000800030c       0x78 c:/st/stm32cubeide_1.6.1/stm32cubeide/plugins/com.st.stm32cube.ide.mcu.externaltools.gnu-tools-for-stm32.9-2020-q2-update.win32_1.5.0.202011040924/tools/bin/../lib/gcc/arm-none-eabi/9.3.1/thumb/v6-m/nofp\libgcc.a(floatunsisf.o)
                0x000000000800030c                __aeabi_ui2f
 .text          0x0000000008000384      0x5d0 c:/st/stm32cubeide_1.6.1/stm32cubeide/plugins/com.st.stm32cube.ide.mcu.externaltools.gnu-tools-for-stm32.9-2020-q2-update.win32_1.5.0.202011040924/tools/bin/../lib/gcc/arm-none-eabi/9.3.1/thumb/v6-m/nofp\libgcc.a(divdf3.o)
                0x0000000008000384                __aeabi_ddiv
 .text          0x0000000008000954      0x4d8 c:/st/stm32cubeide_1.6.1/stm32cubeide/plugins/com.st.stm32cube.ide.mcu.externaltools.gnu-tools-for-stm32.9-2020-q2-update.win32_1.5.0.202011040924/tools/bin/../lib/gcc/arm-none-eabi/9.3.1/thumb/v6-m/nofp\libgcc.a(muldf3.o)
                0x0000000008000954                __aeabi_dmul
 .text          0x0000000008000e2c      0x724 c:/st/stm32cubeide_1.6.1/stm32cubeide/plugins/com.st.stm32cube.ide.mcu.externaltools.gnu-tools-for-stm32.9-2020-q2-update.win32_1.5.0.202011040924/tools/bin/../lib/gcc/arm-none-eabi/9.3.1/thumb/v6-m/nofp\libgcc.a(subdf3.o)
                0x0000000008000e2c                __aeabi_dsub
 .text          0x0000000008001550       0x6c c:/st/stm32cubeide_1.6.1/stm32cubeide/plugins/com.st.stm32cube.ide.mcu.externaltools.gnu-tools-for-stm32.9-2020-q2-update.win32_1.5.0.202011040924/tools/bin/../lib/gcc/arm-none-eabi/9.3.1/thumb/v6-m/nofp\libgcc.a(fixdfsi.o)
                0x0000000008001550                __aeabi_d2iz
 .text          0x00000000080015bc       0x4c c:/st/stm32cubeide_1.6.1/stm32cubeide/plugins/com.st.stm32cube.ide.mcu.externaltools.gnu-tools-for-stm32.9-2020-q2-update.win32_1.5.0.202011040924/tools/bin/../lib/gcc/arm-none-eabi/9.3.1/thumb/v6-m/nofp\libgcc.a(floatunsidf.o)
                0x00000000080015bc                __aeabi_ui2d
 .text          0x0000000008001608       0x90 c:/st/stm32cubeide_1.6.1/stm32cubeide/plugins/com.st.stm32cube.ide.mcu.externaltools.gnu-tools-for-stm32.9-2020-q2-update.win32_1.5.0.202011040924/tools/bin/../lib/gcc/arm-none-eabi/9.3.1/thumb/v6-m/nofp\libgcc.a(extendsfdf2.o)
                0x0000000008001608                __aeabi_f2d
 .text          0x0000000008001698       0x7c c:/st/stm32cubeide_1.6.1/stm32cubeide/plugins/com.st.stm32cube.ide.mcu.externaltools.gnu-tools-for-stm32.9-2020-q2-update.win32_1.5.0.202011040924/tools/bin/../lib/gcc/arm-none-eabi/9.3.1/thumb/v6-m/nofp\libgcc.a(_arm_cmpdf2.o)
                0x0000000008001698                __aeabi_cdrcmple
                0x00000000080016a8                __aeabi_cdcmple
                0x00000000080016a8                __aeabi_cdcmpeq
                0x00000000080016b8                __aeabi_dcmpeq
                0x00000000080016c4                __aeabi_dcmplt
                0x00000000080016d8                __aeabi_dcmple
                0x00000000080016ec                __aeabi_dcmpgt
                0x0000000008001700                __aeabi_dcmpge
 .text          0x0000000008001714       0x3c c:/st/stm32cubeide_1.6.1/stm32cubeide/plugins/com.st.stm32cube.ide.mcu.externaltools.gnu-tools-for-stm32.9-2020-q2-update.win32_1.5.0.202011040924/tools/bin/../lib/gcc/arm-none-eabi/9.3.1/thumb/v6-m/nofp\libgcc.a(_clzsi2.o)
                0x0000000008001714                __clzsi2
 .text          0x0000000008001750       0x78 c:/st/stm32cubeide_1.6.1/stm32cubeide/plugins/com.st.stm32cube.ide.mcu.externaltools.gnu-tools-for-stm32.9-2020-q2-update.win32_1.5.0.202011040924/tools/bin/../lib/gcc/arm-none-eabi/9.3.1/thumb/v6-m/nofp\libgcc.a(eqdf2.o)
                0x0000000008001750                __nedf2
                0x0000000008001750                __eqdf2
 .text          0x00000000080017c8       0xe4 c:/st/stm32cubeide_1.6.1/stm32cubeide/plugins/com.st.stm32cube.ide.mcu.externaltools.gnu-tools-for-stm32.9-2020-q2-update.win32_1.5.0.202011040924/tools/bin/../lib/gcc/arm-none-eabi/9.3.1/thumb/v6-m/nofp\libgcc.a(gedf2.o)
                0x00000000080017c8                __gedf2
                0x00000000080017c8                __gtdf2
 .text          0x00000000080018ac       0xe0 c:/st/stm32cubeide_1.6.1/stm32cubeide/plugins/com.st.stm32cube.ide.mcu.externaltools.gnu-tools-for-stm32.9-2020-q2-update.win32_1.5.0.202011040924/tools/bin/../lib/gcc/arm-none-eabi/9.3.1/thumb/v6-m/nofp\libgcc.a(ledf2.o)
                0x00000000080018ac                __ledf2
                0x00000000080018ac                __ltdf2
 *(.text*)
 .text.main     0x000000000800198c      0x3f4 Core/Src/main.o
                0x000000000800198c                main
 .text.SystemClock_Config
                0x0000000008001d80       0xc2 Core/Src/main.o
                0x0000000008001d80                SystemClock_Config
 *fill*         0x0000000008001e42        0x2 
 .text.MX_TIM1_Init
                0x0000000008001e44      0x184 Core/Src/main.o
 .text.MX_TIM2_Init
                0x0000000008001fc8      0x110 Core/Src/main.o
 .text.MX_TIM3_Init
                0x00000000080020d8      0x138 Core/Src/main.o
 .text.MX_TIM6_Init
                0x0000000008002210       0x78 Core/Src/main.o
 .text.MX_TIM16_Init
                0x0000000008002288       0x54 Core/Src/main.o
 .text.MX_USART1_UART_Init
                0x00000000080022dc       0x60 Core/Src/main.o
 .text.MX_GPIO_Init
                0x000000000800233c      0x154 Core/Src/main.o
 .text.calc_pulse_val
                0x0000000008002490       0x64 Core/Src/main.o
                0x0000000008002490                calc_pulse_val
 .text.calc_inv_pulse_val
                0x00000000080024f4       0x68 Core/Src/main.o
                0x00000000080024f4                calc_inv_pulse_val
 .text.record_current_enc_pos
                0x000000000800255c       0x40 Core/Src/main.o
                0x000000000800255c                record_current_enc_pos
 .text.suff_dist_traveled
                0x000000000800259c       0x6c Core/Src/main.o
                0x000000000800259c                suff_dist_traveled
 .text.move_forward
                0x0000000008002608       0xdc Core/Src/main.o
                0x0000000008002608                move_forward
 .text.move_backward
                0x00000000080026e4       0xdc Core/Src/main.o
                0x00000000080026e4                move_backward
 .text.steer_right
                0x00000000080027c0       0xdc Core/Src/main.o
                0x00000000080027c0                steer_right
 .text.steer_left
                0x000000000800289c       0xdc Core/Src/main.o
                0x000000000800289c                steer_left
 .text.stop     0x0000000008002978       0x78 Core/Src/main.o
                0x0000000008002978                stop
 .text.EXTI2_3_IRQHandler
                0x00000000080029f0       0x10 Core/Src/main.o
                0x00000000080029f0                EXTI2_3_IRQHandler
 .text.HAL_GPIO_EXTI_Callback
                0x0000000008002a00       0x28 Core/Src/main.o
                0x0000000008002a00                HAL_GPIO_EXTI_Callback
 .text.HAL_TIM_PeriodElapsedCallback
                0x0000000008002a28      0x154 Core/Src/main.o
                0x0000000008002a28                HAL_TIM_PeriodElapsedCallback
 .text.HAL_TIM_IC_CaptureCallback
                0x0000000008002b7c       0x7c Core/Src/main.o
                0x0000000008002b7c                HAL_TIM_IC_CaptureCallback
 .text.Error_Handler
                0x0000000008002bf8        0xa Core/Src/main.o
                0x0000000008002bf8                Error_Handler
 *fill*         0x0000000008002c02        0x2 
 .text.HAL_MspInit
                0x0000000008002c04       0x48 Core/Src/stm32f0xx_hal_msp.o
                0x0000000008002c04                HAL_MspInit
 .text.HAL_TIM_Base_MspInit
                0x0000000008002c4c      0x1a0 Core/Src/stm32f0xx_hal_msp.o
                0x0000000008002c4c                HAL_TIM_Base_MspInit
 .text.HAL_TIM_MspPostInit
                0x0000000008002dec       0xd8 Core/Src/stm32f0xx_hal_msp.o
                0x0000000008002dec                HAL_TIM_MspPostInit
 .text.HAL_UART_MspInit
                0x0000000008002ec4       0xac Core/Src/stm32f0xx_hal_msp.o
                0x0000000008002ec4                HAL_UART_MspInit
 .text.NMI_Handler
                0x0000000008002f70        0x6 Core/Src/stm32f0xx_it.o
                0x0000000008002f70                NMI_Handler
 .text.HardFault_Handler
                0x0000000008002f76        0x6 Core/Src/stm32f0xx_it.o
                0x0000000008002f76                HardFault_Handler
 .text.SVC_Handler
                0x0000000008002f7c        0xa Core/Src/stm32f0xx_it.o
                0x0000000008002f7c                SVC_Handler
 .text.PendSV_Handler
                0x0000000008002f86        0xa Core/Src/stm32f0xx_it.o
                0x0000000008002f86                PendSV_Handler
 .text.SysTick_Handler
                0x0000000008002f90        0xe Core/Src/stm32f0xx_it.o
                0x0000000008002f90                SysTick_Handler
 *fill*         0x0000000008002f9e        0x2 
 .text.TIM3_IRQHandler
                0x0000000008002fa0       0x18 Core/Src/stm32f0xx_it.o
                0x0000000008002fa0                TIM3_IRQHandler
 .text.TIM6_DAC_IRQHandler
                0x0000000008002fb8       0x18 Core/Src/stm32f0xx_it.o
                0x0000000008002fb8                TIM6_DAC_IRQHandler
 .text.TIM16_IRQHandler
                0x0000000008002fd0       0x18 Core/Src/stm32f0xx_it.o
                0x0000000008002fd0                TIM16_IRQHandler
 .text.USART1_IRQHandler
                0x0000000008002fe8       0x18 Core/Src/stm32f0xx_it.o
                0x0000000008002fe8                USART1_IRQHandler
 .text._sbrk    0x0000000008003000       0x6c Core/Src/sysmem.o
                0x0000000008003000                _sbrk
 .text.SystemInit
                0x000000000800306c        0xa Core/Src/system_stm32f0xx.o
                0x000000000800306c                SystemInit
 *fill*         0x0000000008003076        0x2 
 .text.Reset_Handler
                0x0000000008003078       0x50 Core/Startup/startup_stm32f051r8tx.o
                0x0000000008003078                Reset_Handler
 .text.Default_Handler
                0x00000000080030c8        0x2 Core/Startup/startup_stm32f051r8tx.o
                0x00000000080030c8                TIM1_CC_IRQHandler
                0x00000000080030c8                TSC_IRQHandler
                0x00000000080030c8                ADC1_COMP_IRQHandler
                0x00000000080030c8                PVD_IRQHandler
                0x00000000080030c8                I2C1_IRQHandler
                0x00000000080030c8                RCC_CRS_IRQHandler
                0x00000000080030c8                SPI1_IRQHandler
                0x00000000080030c8                I2C2_IRQHandler
                0x00000000080030c8                TIM17_IRQHandler
                0x00000000080030c8                CEC_CAN_IRQHandler
                0x00000000080030c8                RTC_IRQHandler
                0x00000000080030c8                EXTI4_15_IRQHandler
                0x00000000080030c8                DMA1_Channel1_IRQHandler
                0x00000000080030c8                Default_Handler
                0x00000000080030c8                TIM14_IRQHandler
                0x00000000080030c8                DMA1_Channel4_5_IRQHandler
                0x00000000080030c8                TIM15_IRQHandler
                0x00000000080030c8                EXTI0_1_IRQHandler
                0x00000000080030c8                SPI2_IRQHandler
                0x00000000080030c8                WWDG_IRQHandler
                0x00000000080030c8                TIM2_IRQHandler
                0x00000000080030c8                DMA1_Channel2_3_IRQHandler
                0x00000000080030c8                USART2_IRQHandler
                0x00000000080030c8                FLASH_IRQHandler
                0x00000000080030c8                TIM1_BRK_UP_TRG_COM_IRQHandler
 *fill*         0x00000000080030ca        0x2 
 .text.HAL_Init
                0x00000000080030cc       0x28 Drivers/STM32F0xx_HAL_Driver/Src/stm32f0xx_hal.o
                0x00000000080030cc                HAL_Init
 .text.HAL_InitTick
                0x00000000080030f4       0x68 Drivers/STM32F0xx_HAL_Driver/Src/stm32f0xx_hal.o
                0x00000000080030f4                HAL_InitTick
 .text.HAL_IncTick
                0x000000000800315c       0x24 Drivers/STM32F0xx_HAL_Driver/Src/stm32f0xx_hal.o
                0x000000000800315c                HAL_IncTick
 .text.HAL_GetTick
                0x0000000008003180       0x14 Drivers/STM32F0xx_HAL_Driver/Src/stm32f0xx_hal.o
                0x0000000008003180                HAL_GetTick
 .text.__NVIC_EnableIRQ
                0x0000000008003194       0x34 Drivers/STM32F0xx_HAL_Driver/Src/stm32f0xx_hal_cortex.o
 .text.__NVIC_SetPriority
                0x00000000080031c8       0xdc Drivers/STM32F0xx_HAL_Driver/Src/stm32f0xx_hal_cortex.o
 .text.SysTick_Config
                0x00000000080032a4       0x48 Drivers/STM32F0xx_HAL_Driver/Src/stm32f0xx_hal_cortex.o
 .text.HAL_NVIC_SetPriority
                0x00000000080032ec       0x2a Drivers/STM32F0xx_HAL_Driver/Src/stm32f0xx_hal_cortex.o
                0x00000000080032ec                HAL_NVIC_SetPriority
 .text.HAL_NVIC_EnableIRQ
                0x0000000008003316       0x20 Drivers/STM32F0xx_HAL_Driver/Src/stm32f0xx_hal_cortex.o
                0x0000000008003316                HAL_NVIC_EnableIRQ
 .text.HAL_SYSTICK_Config
                0x0000000008003336       0x1a Drivers/STM32F0xx_HAL_Driver/Src/stm32f0xx_hal_cortex.o
                0x0000000008003336                HAL_SYSTICK_Config
 .text.HAL_DMA_Abort
                0x0000000008003350       0x70 Drivers/STM32F0xx_HAL_Driver/Src/stm32f0xx_hal_dma.o
                0x0000000008003350                HAL_DMA_Abort
 .text.HAL_DMA_Abort_IT
                0x00000000080033c0       0x8a Drivers/STM32F0xx_HAL_Driver/Src/stm32f0xx_hal_dma.o
                0x00000000080033c0                HAL_DMA_Abort_IT
 *fill*         0x000000000800344a        0x2 
 .text.HAL_GPIO_Init
                0x000000000800344c      0x2e0 Drivers/STM32F0xx_HAL_Driver/Src/stm32f0xx_hal_gpio.o
                0x000000000800344c                HAL_GPIO_Init
 .text.HAL_GPIO_ReadPin
                0x000000000800372c       0x3a Drivers/STM32F0xx_HAL_Driver/Src/stm32f0xx_hal_gpio.o
                0x000000000800372c                HAL_GPIO_ReadPin
 .text.HAL_GPIO_WritePin
                0x0000000008003766       0x3a Drivers/STM32F0xx_HAL_Driver/Src/stm32f0xx_hal_gpio.o
                0x0000000008003766                HAL_GPIO_WritePin
 .text.HAL_GPIO_EXTI_IRQHandler
                0x00000000080037a0       0x38 Drivers/STM32F0xx_HAL_Driver/Src/stm32f0xx_hal_gpio.o
                0x00000000080037a0                HAL_GPIO_EXTI_IRQHandler
 .text.HAL_RCC_OscConfig
                0x00000000080037d8      0x634 Drivers/STM32F0xx_HAL_Driver/Src/stm32f0xx_hal_rcc.o
                0x00000000080037d8                HAL_RCC_OscConfig
 .text.HAL_RCC_ClockConfig
                0x0000000008003e0c      0x19c Drivers/STM32F0xx_HAL_Driver/Src/stm32f0xx_hal_rcc.o
                0x0000000008003e0c                HAL_RCC_ClockConfig
 .text.HAL_RCC_GetSysClockFreq
                0x0000000008003fa8       0xac Drivers/STM32F0xx_HAL_Driver/Src/stm32f0xx_hal_rcc.o
                0x0000000008003fa8                HAL_RCC_GetSysClockFreq
 .text.HAL_RCC_GetHCLKFreq
                0x0000000008004054       0x14 Drivers/STM32F0xx_HAL_Driver/Src/stm32f0xx_hal_rcc.o
                0x0000000008004054                HAL_RCC_GetHCLKFreq
 .text.HAL_RCC_GetPCLK1Freq
                0x0000000008004068       0x2c Drivers/STM32F0xx_HAL_Driver/Src/stm32f0xx_hal_rcc.o
                0x0000000008004068                HAL_RCC_GetPCLK1Freq
 .text.HAL_RCCEx_PeriphCLKConfig
                0x0000000008004094      0x1bc Drivers/STM32F0xx_HAL_Driver/Src/stm32f0xx_hal_rcc_ex.o
                0x0000000008004094                HAL_RCCEx_PeriphCLKConfig
 .text.HAL_TIM_Base_Init
                0x0000000008004250       0xa0 Drivers/STM32F0xx_HAL_Driver/Src/stm32f0xx_hal_tim.o
                0x0000000008004250                HAL_TIM_Base_Init
 .text.HAL_TIM_Base_Start_IT
                0x00000000080042f0       0xa4 Drivers/STM32F0xx_HAL_Driver/Src/stm32f0xx_hal_tim.o
                0x00000000080042f0                HAL_TIM_Base_Start_IT
 .text.HAL_TIM_Base_Stop_IT
                0x0000000008004394       0x5c Drivers/STM32F0xx_HAL_Driver/Src/stm32f0xx_hal_tim.o
                0x0000000008004394                HAL_TIM_Base_Stop_IT
 .text.HAL_TIM_PWM_Init
                0x00000000080043f0       0xa0 Drivers/STM32F0xx_HAL_Driver/Src/stm32f0xx_hal_tim.o
                0x00000000080043f0                HAL_TIM_PWM_Init
 .text.HAL_TIM_PWM_MspInit
                0x0000000008004490       0x10 Drivers/STM32F0xx_HAL_Driver/Src/stm32f0xx_hal_tim.o
                0x0000000008004490                HAL_TIM_PWM_MspInit
 .text.HAL_TIM_PWM_Start
                0x00000000080044a0      0x170 Drivers/STM32F0xx_HAL_Driver/Src/stm32f0xx_hal_tim.o
                0x00000000080044a0                HAL_TIM_PWM_Start
 .text.HAL_TIM_PWM_Stop
                0x0000000008004610       0xf8 Drivers/STM32F0xx_HAL_Driver/Src/stm32f0xx_hal_tim.o
                0x0000000008004610                HAL_TIM_PWM_Stop
 .text.HAL_TIM_IC_Init
                0x0000000008004708       0xa0 Drivers/STM32F0xx_HAL_Driver/Src/stm32f0xx_hal_tim.o
                0x0000000008004708                HAL_TIM_IC_Init
 .text.HAL_TIM_IC_MspInit
                0x00000000080047a8       0x10 Drivers/STM32F0xx_HAL_Driver/Src/stm32f0xx_hal_tim.o
                0x00000000080047a8                HAL_TIM_IC_MspInit
 .text.HAL_TIM_IC_Start_IT
                0x00000000080047b8      0x21c Drivers/STM32F0xx_HAL_Driver/Src/stm32f0xx_hal_tim.o
                0x00000000080047b8                HAL_TIM_IC_Start_IT
 .text.HAL_TIM_IRQHandler
                0x00000000080049d4      0x1dc Drivers/STM32F0xx_HAL_Driver/Src/stm32f0xx_hal_tim.o
                0x00000000080049d4                HAL_TIM_IRQHandler
 .text.HAL_TIM_IC_ConfigChannel
                0x0000000008004bb0      0x148 Drivers/STM32F0xx_HAL_Driver/Src/stm32f0xx_hal_tim.o
                0x0000000008004bb0                HAL_TIM_IC_ConfigChannel
 .text.HAL_TIM_PWM_ConfigChannel
                0x0000000008004cf8      0x18c Drivers/STM32F0xx_HAL_Driver/Src/stm32f0xx_hal_tim.o
                0x0000000008004cf8                HAL_TIM_PWM_ConfigChannel
 .text.HAL_TIM_ConfigClockSource
                0x0000000008004e84      0x1a8 Drivers/STM32F0xx_HAL_Driver/Src/stm32f0xx_hal_tim.o
                0x0000000008004e84                HAL_TIM_ConfigClockSource
 .text.HAL_TIM_OC_DelayElapsedCallback
                0x000000000800502c       0x10 Drivers/STM32F0xx_HAL_Driver/Src/stm32f0xx_hal_tim.o
                0x000000000800502c                HAL_TIM_OC_DelayElapsedCallback
 .text.HAL_TIM_PWM_PulseFinishedCallback
                0x000000000800503c       0x10 Drivers/STM32F0xx_HAL_Driver/Src/stm32f0xx_hal_tim.o
                0x000000000800503c                HAL_TIM_PWM_PulseFinishedCallback
 .text.HAL_TIM_TriggerCallback
                0x000000000800504c       0x10 Drivers/STM32F0xx_HAL_Driver/Src/stm32f0xx_hal_tim.o
                0x000000000800504c                HAL_TIM_TriggerCallback
 .text.TIM_Base_SetConfig
                0x000000000800505c      0x11c Drivers/STM32F0xx_HAL_Driver/Src/stm32f0xx_hal_tim.o
                0x000000000800505c                TIM_Base_SetConfig
 .text.TIM_OC1_SetConfig
                0x0000000008005178      0x110 Drivers/STM32F0xx_HAL_Driver/Src/stm32f0xx_hal_tim.o
 .text.TIM_OC2_SetConfig
                0x0000000008005288      0x108 Drivers/STM32F0xx_HAL_Driver/Src/stm32f0xx_hal_tim.o
                0x0000000008005288                TIM_OC2_SetConfig
 .text.TIM_OC3_SetConfig
                0x0000000008005390      0x10c Drivers/STM32F0xx_HAL_Driver/Src/stm32f0xx_hal_tim.o
 .text.TIM_OC4_SetConfig
                0x000000000800549c       0xd4 Drivers/STM32F0xx_HAL_Driver/Src/stm32f0xx_hal_tim.o
 .text.TIM_TI1_SetConfig
                0x0000000008005570       0xb8 Drivers/STM32F0xx_HAL_Driver/Src/stm32f0xx_hal_tim.o
                0x0000000008005570                TIM_TI1_SetConfig
 .text.TIM_TI1_ConfigInputStage
                0x0000000008005628       0x5c Drivers/STM32F0xx_HAL_Driver/Src/stm32f0xx_hal_tim.o
 .text.TIM_TI2_SetConfig
                0x0000000008005684       0x84 Drivers/STM32F0xx_HAL_Driver/Src/stm32f0xx_hal_tim.o
 .text.TIM_TI2_ConfigInputStage
                0x0000000008005708       0x64 Drivers/STM32F0xx_HAL_Driver/Src/stm32f0xx_hal_tim.o
 .text.TIM_TI3_SetConfig
                0x000000000800576c       0x80 Drivers/STM32F0xx_HAL_Driver/Src/stm32f0xx_hal_tim.o
 .text.TIM_TI4_SetConfig
                0x00000000080057ec       0x8c Drivers/STM32F0xx_HAL_Driver/Src/stm32f0xx_hal_tim.o
 .text.TIM_ITRx_SetConfig
                0x0000000008005878       0x32 Drivers/STM32F0xx_HAL_Driver/Src/stm32f0xx_hal_tim.o
 *fill*         0x00000000080058aa        0x2 
 .text.TIM_ETR_SetConfig
                0x00000000080058ac       0x40 Drivers/STM32F0xx_HAL_Driver/Src/stm32f0xx_hal_tim.o
                0x00000000080058ac                TIM_ETR_SetConfig
 .text.TIM_CCxChannelCmd
                0x00000000080058ec       0x46 Drivers/STM32F0xx_HAL_Driver/Src/stm32f0xx_hal_tim.o
                0x00000000080058ec                TIM_CCxChannelCmd
 *fill*         0x0000000008005932        0x2 
 .text.HAL_TIMEx_MasterConfigSynchronization
                0x0000000008005934       0xbc Drivers/STM32F0xx_HAL_Driver/Src/stm32f0xx_hal_tim_ex.o
                0x0000000008005934                HAL_TIMEx_MasterConfigSynchronization
 .text.HAL_TIMEx_ConfigBreakDeadTime
                0x00000000080059f0       0xbc Drivers/STM32F0xx_HAL_Driver/Src/stm32f0xx_hal_tim_ex.o
                0x00000000080059f0                HAL_TIMEx_ConfigBreakDeadTime
 .text.HAL_TIMEx_CommutCallback
                0x0000000008005aac       0x10 Drivers/STM32F0xx_HAL_Driver/Src/stm32f0xx_hal_tim_ex.o
                0x0000000008005aac                HAL_TIMEx_CommutCallback
 .text.HAL_TIMEx_BreakCallback
                0x0000000008005abc       0x10 Drivers/STM32F0xx_HAL_Driver/Src/stm32f0xx_hal_tim_ex.o
                0x0000000008005abc                HAL_TIMEx_BreakCallback
 .text.HAL_UART_Init
                0x0000000008005acc       0xa8 Drivers/STM32F0xx_HAL_Driver/Src/stm32f0xx_hal_uart.o
                0x0000000008005acc                HAL_UART_Init
 .text.HAL_UART_Transmit_IT
                0x0000000008005b74       0xe0 Drivers/STM32F0xx_HAL_Driver/Src/stm32f0xx_hal_uart.o
                0x0000000008005b74                HAL_UART_Transmit_IT
 .text.HAL_UART_IRQHandler
                0x0000000008005c54      0x5c0 Drivers/STM32F0xx_HAL_Driver/Src/stm32f0xx_hal_uart.o
                0x0000000008005c54                HAL_UART_IRQHandler
 .text.HAL_UART_TxCpltCallback
                0x0000000008006214       0x10 Drivers/STM32F0xx_HAL_Driver/Src/stm32f0xx_hal_uart.o
                0x0000000008006214                HAL_UART_TxCpltCallback
 .text.HAL_UART_ErrorCallback
                0x0000000008006224       0x10 Drivers/STM32F0xx_HAL_Driver/Src/stm32f0xx_hal_uart.o
                0x0000000008006224                HAL_UART_ErrorCallback
 .text.HAL_UARTEx_RxEventCallback
                0x0000000008006234       0x16 Drivers/STM32F0xx_HAL_Driver/Src/stm32f0xx_hal_uart.o
                0x0000000008006234                HAL_UARTEx_RxEventCallback
 *fill*         0x000000000800624a        0x2 
 .text.UART_SetConfig
                0x000000000800624c      0x280 Drivers/STM32F0xx_HAL_Driver/Src/stm32f0xx_hal_uart.o
                0x000000000800624c                UART_SetConfig
 .text.UART_AdvFeatureConfig
                0x00000000080064cc      0x168 Drivers/STM32F0xx_HAL_Driver/Src/stm32f0xx_hal_uart.o
                0x00000000080064cc                UART_AdvFeatureConfig
 .text.UART_CheckIdleState
                0x0000000008006634      0x150 Drivers/STM32F0xx_HAL_Driver/Src/stm32f0xx_hal_uart.o
                0x0000000008006634                UART_CheckIdleState
 .text.UART_WaitOnFlagUntilTimeout
                0x0000000008006784       0xde Drivers/STM32F0xx_HAL_Driver/Src/stm32f0xx_hal_uart.o
                0x0000000008006784                UART_WaitOnFlagUntilTimeout
 *fill*         0x0000000008006862        0x2 
 .text.UART_EndRxTransfer
                0x0000000008006864       0xc8 Drivers/STM32F0xx_HAL_Driver/Src/stm32f0xx_hal_uart.o
 .text.UART_DMAAbortOnError
                0x000000000800692c       0x2e Drivers/STM32F0xx_HAL_Driver/Src/stm32f0xx_hal_uart.o
 .text.UART_TxISR_8BIT
                0x000000000800695a       0xb4 Drivers/STM32F0xx_HAL_Driver/Src/stm32f0xx_hal_uart.o
 .text.UART_TxISR_16BIT
                0x0000000008006a0e       0xbc Drivers/STM32F0xx_HAL_Driver/Src/stm32f0xx_hal_uart.o
 .text.UART_EndTransmit_IT
                0x0000000008006aca       0x56 Drivers/STM32F0xx_HAL_Driver/Src/stm32f0xx_hal_uart.o
 .text.HAL_UARTEx_WakeupCallback
                0x0000000008006b20       0x10 Drivers/STM32F0xx_HAL_Driver/Src/stm32f0xx_hal_uart_ex.o
                0x0000000008006b20                HAL_UARTEx_WakeupCallback
 .text.__errno  0x0000000008006b30        0xc c:/st/stm32cubeide_1.6.1/stm32cubeide/plugins/com.st.stm32cube.ide.mcu.externaltools.gnu-tools-for-stm32.9-2020-q2-update.win32_1.5.0.202011040924/tools/bin/../lib/gcc/arm-none-eabi/9.3.1/../../../../arm-none-eabi/lib/thumb/v6-m/nofp\libc_nano.a(lib_a-errno.o)
                0x0000000008006b30                __errno
 .text.__libc_init_array
                0x0000000008006b3c       0x48 c:/st/stm32cubeide_1.6.1/stm32cubeide/plugins/com.st.stm32cube.ide.mcu.externaltools.gnu-tools-for-stm32.9-2020-q2-update.win32_1.5.0.202011040924/tools/bin/../lib/gcc/arm-none-eabi/9.3.1/../../../../arm-none-eabi/lib/thumb/v6-m/nofp\libc_nano.a(lib_a-init.o)
                0x0000000008006b3c                __libc_init_array
 .text.memset   0x0000000008006b84       0x10 c:/st/stm32cubeide_1.6.1/stm32cubeide/plugins/com.st.stm32cube.ide.mcu.externaltools.gnu-tools-for-stm32.9-2020-q2-update.win32_1.5.0.202011040924/tools/bin/../lib/gcc/arm-none-eabi/9.3.1/../../../../arm-none-eabi/lib/thumb/v6-m/nofp\libc_nano.a(lib_a-memset.o)
                0x0000000008006b84                memset
 .text.sprintf  0x0000000008006b94       0x40 c:/st/stm32cubeide_1.6.1/stm32cubeide/plugins/com.st.stm32cube.ide.mcu.externaltools.gnu-tools-for-stm32.9-2020-q2-update.win32_1.5.0.202011040924/tools/bin/../lib/gcc/arm-none-eabi/9.3.1/../../../../arm-none-eabi/lib/thumb/v6-m/nofp\libc_nano.a(lib_a-sprintf.o)
                0x0000000008006b94                siprintf
                0x0000000008006b94                sprintf
 .text.__ssputs_r
                0x0000000008006bd4       0xc4 c:/st/stm32cubeide_1.6.1/stm32cubeide/plugins/com.st.stm32cube.ide.mcu.externaltools.gnu-tools-for-stm32.9-2020-q2-update.win32_1.5.0.202011040924/tools/bin/../lib/gcc/arm-none-eabi/9.3.1/../../../../arm-none-eabi/lib/thumb/v6-m/nofp\libc_nano.a(lib_a-nano-svfprintf.o)
                0x0000000008006bd4                __ssputs_r
 .text._svfprintf_r
                0x0000000008006c98      0x200 c:/st/stm32cubeide_1.6.1/stm32cubeide/plugins/com.st.stm32cube.ide.mcu.externaltools.gnu-tools-for-stm32.9-2020-q2-update.win32_1.5.0.202011040924/tools/bin/../lib/gcc/arm-none-eabi/9.3.1/../../../../arm-none-eabi/lib/thumb/v6-m/nofp\libc_nano.a(lib_a-nano-svfprintf.o)
                0x0000000008006c98                _svfiprintf_r
                0x0000000008006c98                _svfprintf_r
 .text._printf_common
                0x0000000008006e98       0xde c:/st/stm32cubeide_1.6.1/stm32cubeide/plugins/com.st.stm32cube.ide.mcu.externaltools.gnu-tools-for-stm32.9-2020-q2-update.win32_1.5.0.202011040924/tools/bin/../lib/gcc/arm-none-eabi/9.3.1/../../../../arm-none-eabi/lib/thumb/v6-m/nofp\libc_nano.a(lib_a-nano-vfprintf_i.o)
                0x0000000008006e98                _printf_common
 *fill*         0x0000000008006f76        0x2 
 .text._printf_i
                0x0000000008006f78      0x224 c:/st/stm32cubeide_1.6.1/stm32cubeide/plugins/com.st.stm32cube.ide.mcu.externaltools.gnu-tools-for-stm32.9-2020-q2-update.win32_1.5.0.202011040924/tools/bin/../lib/gcc/arm-none-eabi/9.3.1/../../../../arm-none-eabi/lib/thumb/v6-m/nofp\libc_nano.a(lib_a-nano-vfprintf_i.o)
                0x0000000008006f78                _printf_i
 .text.memchr   0x000000000800719c       0x16 c:/st/stm32cubeide_1.6.1/stm32cubeide/plugins/com.st.stm32cube.ide.mcu.externaltools.gnu-tools-for-stm32.9-2020-q2-update.win32_1.5.0.202011040924/tools/bin/../lib/gcc/arm-none-eabi/9.3.1/../../../../arm-none-eabi/lib/thumb/v6-m/nofp\libc_nano.a(lib_a-memchr-stub.o)
                0x000000000800719c                memchr
 .text.memcpy   0x00000000080071b2       0x12 c:/st/stm32cubeide_1.6.1/stm32cubeide/plugins/com.st.stm32cube.ide.mcu.externaltools.gnu-tools-for-stm32.9-2020-q2-update.win32_1.5.0.202011040924/tools/bin/../lib/gcc/arm-none-eabi/9.3.1/../../../../arm-none-eabi/lib/thumb/v6-m/nofp\libc_nano.a(lib_a-memcpy-stub.o)
                0x00000000080071b2                memcpy
 .text.memmove  0x00000000080071c4       0x26 c:/st/stm32cubeide_1.6.1/stm32cubeide/plugins/com.st.stm32cube.ide.mcu.externaltools.gnu-tools-for-stm32.9-2020-q2-update.win32_1.5.0.202011040924/tools/bin/../lib/gcc/arm-none-eabi/9.3.1/../../../../arm-none-eabi/lib/thumb/v6-m/nofp\libc_nano.a(lib_a-memmove.o)
                0x00000000080071c4                memmove
 *fill*         0x00000000080071ea        0x2 
 .text._free_r  0x00000000080071ec       0x94 c:/st/stm32cubeide_1.6.1/stm32cubeide/plugins/com.st.stm32cube.ide.mcu.externaltools.gnu-tools-for-stm32.9-2020-q2-update.win32_1.5.0.202011040924/tools/bin/../lib/gcc/arm-none-eabi/9.3.1/../../../../arm-none-eabi/lib/thumb/v6-m/nofp\libc_nano.a(lib_a-nano-freer.o)
                0x00000000080071ec                _free_r
 .text._malloc_r
                0x0000000008007280       0xbc c:/st/stm32cubeide_1.6.1/stm32cubeide/plugins/com.st.stm32cube.ide.mcu.externaltools.gnu-tools-for-stm32.9-2020-q2-update.win32_1.5.0.202011040924/tools/bin/../lib/gcc/arm-none-eabi/9.3.1/../../../../arm-none-eabi/lib/thumb/v6-m/nofp\libc_nano.a(lib_a-nano-mallocr.o)
                0x0000000008007280                _malloc_r
 .text._realloc_r
                0x000000000800733c       0x4c c:/st/stm32cubeide_1.6.1/stm32cubeide/plugins/com.st.stm32cube.ide.mcu.externaltools.gnu-tools-for-stm32.9-2020-q2-update.win32_1.5.0.202011040924/tools/bin/../lib/gcc/arm-none-eabi/9.3.1/../../../../arm-none-eabi/lib/thumb/v6-m/nofp\libc_nano.a(lib_a-nano-reallocr.o)
                0x000000000800733c                _realloc_r
 .text._sbrk_r  0x0000000008007388       0x24 c:/st/stm32cubeide_1.6.1/stm32cubeide/plugins/com.st.stm32cube.ide.mcu.externaltools.gnu-tools-for-stm32.9-2020-q2-update.win32_1.5.0.202011040924/tools/bin/../lib/gcc/arm-none-eabi/9.3.1/../../../../arm-none-eabi/lib/thumb/v6-m/nofp\libc_nano.a(lib_a-sbrkr.o)
                0x0000000008007388                _sbrk_r
 .text.__malloc_lock
                0x00000000080073ac       0x10 c:/st/stm32cubeide_1.6.1/stm32cubeide/plugins/com.st.stm32cube.ide.mcu.externaltools.gnu-tools-for-stm32.9-2020-q2-update.win32_1.5.0.202011040924/tools/bin/../lib/gcc/arm-none-eabi/9.3.1/../../../../arm-none-eabi/lib/thumb/v6-m/nofp\libc_nano.a(lib_a-mlock.o)
                0x00000000080073ac                __malloc_lock
 .text.__malloc_unlock
                0x00000000080073bc       0x10 c:/st/stm32cubeide_1.6.1/stm32cubeide/plugins/com.st.stm32cube.ide.mcu.externaltools.gnu-tools-for-stm32.9-2020-q2-update.win32_1.5.0.202011040924/tools/bin/../lib/gcc/arm-none-eabi/9.3.1/../../../../arm-none-eabi/lib/thumb/v6-m/nofp\libc_nano.a(lib_a-mlock.o)
                0x00000000080073bc                __malloc_unlock
 .text._malloc_usable_size_r
                0x00000000080073cc       0x10 c:/st/stm32cubeide_1.6.1/stm32cubeide/plugins/com.st.stm32cube.ide.mcu.externaltools.gnu-tools-for-stm32.9-2020-q2-update.win32_1.5.0.202011040924/tools/bin/../lib/gcc/arm-none-eabi/9.3.1/../../../../arm-none-eabi/lib/thumb/v6-m/nofp\libc_nano.a(lib_a-nano-msizer.o)
                0x00000000080073cc                _malloc_usable_size_r
 .text.__retarget_lock_acquire_recursive
                0x00000000080073dc        0x2 c:/st/stm32cubeide_1.6.1/stm32cubeide/plugins/com.st.stm32cube.ide.mcu.externaltools.gnu-tools-for-stm32.9-2020-q2-update.win32_1.5.0.202011040924/tools/bin/../lib/gcc/arm-none-eabi/9.3.1/../../../../arm-none-eabi/lib/thumb/v6-m/nofp\libc_nano.a(lib_a-lock.o)
                0x00000000080073dc                __retarget_lock_acquire_recursive
 .text.__retarget_lock_release_recursive
                0x00000000080073de        0x2 c:/st/stm32cubeide_1.6.1/stm32cubeide/plugins/com.st.stm32cube.ide.mcu.externaltools.gnu-tools-for-stm32.9-2020-q2-update.win32_1.5.0.202011040924/tools/bin/../lib/gcc/arm-none-eabi/9.3.1/../../../../arm-none-eabi/lib/thumb/v6-m/nofp\libc_nano.a(lib_a-lock.o)
                0x00000000080073de                __retarget_lock_release_recursive
 *(.glue_7)
 .glue_7        0x00000000080073e0        0x0 linker stubs
 *(.glue_7t)
 .glue_7t       0x00000000080073e0        0x0 linker stubs
 *(.eh_frame)
 .eh_frame      0x00000000080073e0        0x0 c:/st/stm32cubeide_1.6.1/stm32cubeide/plugins/com.st.stm32cube.ide.mcu.externaltools.gnu-tools-for-stm32.9-2020-q2-update.win32_1.5.0.202011040924/tools/bin/../lib/gcc/arm-none-eabi/9.3.1/thumb/v6-m/nofp/crtbegin.o
 *(.init)
 .init          0x00000000080073e0        0x4 c:/st/stm32cubeide_1.6.1/stm32cubeide/plugins/com.st.stm32cube.ide.mcu.externaltools.gnu-tools-for-stm32.9-2020-q2-update.win32_1.5.0.202011040924/tools/bin/../lib/gcc/arm-none-eabi/9.3.1/thumb/v6-m/nofp/crti.o
                0x00000000080073e0                _init
 .init          0x00000000080073e4        0x8 c:/st/stm32cubeide_1.6.1/stm32cubeide/plugins/com.st.stm32cube.ide.mcu.externaltools.gnu-tools-for-stm32.9-2020-q2-update.win32_1.5.0.202011040924/tools/bin/../lib/gcc/arm-none-eabi/9.3.1/thumb/v6-m/nofp/crtn.o
 *(.fini)
 .fini          0x00000000080073ec        0x4 c:/st/stm32cubeide_1.6.1/stm32cubeide/plugins/com.st.stm32cube.ide.mcu.externaltools.gnu-tools-for-stm32.9-2020-q2-update.win32_1.5.0.202011040924/tools/bin/../lib/gcc/arm-none-eabi/9.3.1/thumb/v6-m/nofp/crti.o
                0x00000000080073ec                _fini
 .fini          0x00000000080073f0        0x8 c:/st/stm32cubeide_1.6.1/stm32cubeide/plugins/com.st.stm32cube.ide.mcu.externaltools.gnu-tools-for-stm32.9-2020-q2-update.win32_1.5.0.202011040924/tools/bin/../lib/gcc/arm-none-eabi/9.3.1/thumb/v6-m/nofp/crtn.o
                0x00000000080073f8                . = ALIGN (0x4)
                0x00000000080073f8                _etext = .

.vfp11_veneer   0x00000000080073f8        0x0
 .vfp11_veneer  0x00000000080073f8        0x0 linker stubs

.v4_bx          0x00000000080073f8        0x0
 .v4_bx         0x00000000080073f8        0x0 linker stubs

.iplt           0x00000000080073f8        0x0
 .iplt          0x00000000080073f8        0x0 c:/st/stm32cubeide_1.6.1/stm32cubeide/plugins/com.st.stm32cube.ide.mcu.externaltools.gnu-tools-for-stm32.9-2020-q2-update.win32_1.5.0.202011040924/tools/bin/../lib/gcc/arm-none-eabi/9.3.1/thumb/v6-m/nofp/crtbegin.o

.rodata         0x00000000080073f8      0x160
                0x00000000080073f8                . = ALIGN (0x4)
 *(.rodata)
 .rodata        0x00000000080073f8       0x51 Core/Src/main.o
 *fill*         0x0000000008007449        0x3 
 .rodata        0x000000000800744c       0x40 c:/st/stm32cubeide_1.6.1/stm32cubeide/plugins/com.st.stm32cube.ide.mcu.externaltools.gnu-tools-for-stm32.9-2020-q2-update.win32_1.5.0.202011040924/tools/bin/../lib/gcc/arm-none-eabi/9.3.1/thumb/v6-m/nofp\libgcc.a(divdf3.o)
 .rodata        0x000000000800748c       0x40 c:/st/stm32cubeide_1.6.1/stm32cubeide/plugins/com.st.stm32cube.ide.mcu.externaltools.gnu-tools-for-stm32.9-2020-q2-update.win32_1.5.0.202011040924/tools/bin/../lib/gcc/arm-none-eabi/9.3.1/thumb/v6-m/nofp\libgcc.a(muldf3.o)
 *(.rodata*)
 .rodata.main   0x00000000080074cc       0x20 Core/Src/main.o
 .rodata.AHBPrescTable
                0x00000000080074ec       0x10 Core/Src/system_stm32f0xx.o
                0x00000000080074ec                AHBPrescTable
 .rodata.APBPrescTable
                0x00000000080074fc        0x8 Core/Src/system_stm32f0xx.o
                0x00000000080074fc                APBPrescTable
 .rodata.aPLLMULFactorTable.6258
                0x0000000008007504       0x10 Drivers/STM32F0xx_HAL_Driver/Src/stm32f0xx_hal_rcc.o
 .rodata.aPredivFactorTable.6259
                0x0000000008007514       0x10 Drivers/STM32F0xx_HAL_Driver/Src/stm32f0xx_hal_rcc.o
 .rodata._svfprintf_r.str1.1
                0x0000000008007524       0x11 c:/st/stm32cubeide_1.6.1/stm32cubeide/plugins/com.st.stm32cube.ide.mcu.externaltools.gnu-tools-for-stm32.9-2020-q2-update.win32_1.5.0.202011040924/tools/bin/../lib/gcc/arm-none-eabi/9.3.1/../../../../arm-none-eabi/lib/thumb/v6-m/nofp\libc_nano.a(lib_a-nano-svfprintf.o)
 .rodata._printf_i.str1.1
                0x0000000008007535       0x22 c:/st/stm32cubeide_1.6.1/stm32cubeide/plugins/com.st.stm32cube.ide.mcu.externaltools.gnu-tools-for-stm32.9-2020-q2-update.win32_1.5.0.202011040924/tools/bin/../lib/gcc/arm-none-eabi/9.3.1/../../../../arm-none-eabi/lib/thumb/v6-m/nofp\libc_nano.a(lib_a-nano-vfprintf_i.o)
                0x0000000008007558                . = ALIGN (0x4)
 *fill*         0x0000000008007557        0x1 

.rel.dyn        0x0000000008007558        0x0
 .rel.iplt      0x0000000008007558        0x0 c:/st/stm32cubeide_1.6.1/stm32cubeide/plugins/com.st.stm32cube.ide.mcu.externaltools.gnu-tools-for-stm32.9-2020-q2-update.win32_1.5.0.202011040924/tools/bin/../lib/gcc/arm-none-eabi/9.3.1/thumb/v6-m/nofp/crtbegin.o

.ARM.extab      0x0000000008007558        0x0
                0x0000000008007558                . = ALIGN (0x4)
 *(.ARM.extab* .gnu.linkonce.armextab.*)
                0x0000000008007558                . = ALIGN (0x4)

.ARM            0x0000000008007558        0x0
                0x0000000008007558                . = ALIGN (0x4)
                0x0000000008007558                __exidx_start = .
 *(.ARM.exidx*)
                0x0000000008007558                __exidx_end = .
                0x0000000008007558                . = ALIGN (0x4)

.preinit_array  0x0000000008007558        0x0
                0x0000000008007558                . = ALIGN (0x4)
                0x0000000008007558                PROVIDE (__preinit_array_start = .)
 *(.preinit_array*)
                0x0000000008007558                PROVIDE (__preinit_array_end = .)
                0x0000000008007558                . = ALIGN (0x4)

.init_array     0x0000000008007558        0x4
                0x0000000008007558                . = ALIGN (0x4)
                0x0000000008007558                PROVIDE (__init_array_start = .)
 *(SORT_BY_NAME(.init_array.*))
 *(.init_array*)
 .init_array    0x0000000008007558        0x4 c:/st/stm32cubeide_1.6.1/stm32cubeide/plugins/com.st.stm32cube.ide.mcu.externaltools.gnu-tools-for-stm32.9-2020-q2-update.win32_1.5.0.202011040924/tools/bin/../lib/gcc/arm-none-eabi/9.3.1/thumb/v6-m/nofp/crtbegin.o
                0x000000000800755c                PROVIDE (__init_array_end = .)
                0x000000000800755c                . = ALIGN (0x4)

.fini_array     0x000000000800755c        0x4
                0x000000000800755c                . = ALIGN (0x4)
                [!provide]                        PROVIDE (__fini_array_start = .)
 *(SORT_BY_NAME(.fini_array.*))
 *(.fini_array*)
 .fini_array    0x000000000800755c        0x4 c:/st/stm32cubeide_1.6.1/stm32cubeide/plugins/com.st.stm32cube.ide.mcu.externaltools.gnu-tools-for-stm32.9-2020-q2-update.win32_1.5.0.202011040924/tools/bin/../lib/gcc/arm-none-eabi/9.3.1/thumb/v6-m/nofp/crtbegin.o
                [!provide]                        PROVIDE (__fini_array_end = .)
                0x0000000008007560                . = ALIGN (0x4)
                0x0000000008007560                _sidata = LOADADDR (.data)

.data           0x0000000020000000       0x74 load address 0x0000000008007560
                0x0000000020000000                . = ALIGN (0x4)
                0x0000000020000000                _sdata = .
 *(.data)
 *(.data*)
 .data.slow_pulse_width
                0x0000000020000000        0x1 Core/Src/main.o
                0x0000000020000000                slow_pulse_width
 .data.fast_pulse_width
                0x0000000020000001        0x1 Core/Src/main.o
                0x0000000020000001                fast_pulse_width
 *fill*         0x0000000020000002        0x2 
 .data.SystemCoreClock
                0x0000000020000004        0x4 Core/Src/system_stm32f0xx.o
                0x0000000020000004                SystemCoreClock
 .data.uwTickPrio
                0x0000000020000008        0x4 Drivers/STM32F0xx_HAL_Driver/Src/stm32f0xx_hal.o
                0x0000000020000008                uwTickPrio
 .data.uwTickFreq
                0x000000002000000c        0x1 Drivers/STM32F0xx_HAL_Driver/Src/stm32f0xx_hal.o
                0x000000002000000c                uwTickFreq
 *fill*         0x000000002000000d        0x3 
 .data._impure_ptr
                0x0000000020000010        0x4 c:/st/stm32cubeide_1.6.1/stm32cubeide/plugins/com.st.stm32cube.ide.mcu.externaltools.gnu-tools-for-stm32.9-2020-q2-update.win32_1.5.0.202011040924/tools/bin/../lib/gcc/arm-none-eabi/9.3.1/../../../../arm-none-eabi/lib/thumb/v6-m/nofp\libc_nano.a(lib_a-impure.o)
                0x0000000020000010                _impure_ptr
 .data.impure_data
                0x0000000020000014       0x60 c:/st/stm32cubeide_1.6.1/stm32cubeide/plugins/com.st.stm32cube.ide.mcu.externaltools.gnu-tools-for-stm32.9-2020-q2-update.win32_1.5.0.202011040924/tools/bin/../lib/gcc/arm-none-eabi/9.3.1/../../../../arm-none-eabi/lib/thumb/v6-m/nofp\libc_nano.a(lib_a-impure.o)
 *(.RamFunc)
 *(.RamFunc*)
                0x0000000020000074                . = ALIGN (0x4)
                0x0000000020000074                _edata = .

.igot.plt       0x0000000020000074        0x0 load address 0x00000000080075d4
 .igot.plt      0x0000000020000074        0x0 c:/st/stm32cubeide_1.6.1/stm32cubeide/plugins/com.st.stm32cube.ide.mcu.externaltools.gnu-tools-for-stm32.9-2020-q2-update.win32_1.5.0.202011040924/tools/bin/../lib/gcc/arm-none-eabi/9.3.1/thumb/v6-m/nofp/crtbegin.o
                0x0000000020000074                . = ALIGN (0x4)

.bss            0x0000000020000074      0x2bc load address 0x00000000080075d4
                0x0000000020000074                _sbss = .
                0x0000000020000074                __bss_start__ = _sbss
 *(.bss)
 .bss           0x0000000020000074       0x1c c:/st/stm32cubeide_1.6.1/stm32cubeide/plugins/com.st.stm32cube.ide.mcu.externaltools.gnu-tools-for-stm32.9-2020-q2-update.win32_1.5.0.202011040924/tools/bin/../lib/gcc/arm-none-eabi/9.3.1/thumb/v6-m/nofp/crtbegin.o
 *(.bss*)
 .bss.robot_state
                0x0000000020000090        0x1 Core/Src/main.o
                0x0000000020000090                robot_state
 .bss.sw_pushed
                0x0000000020000091        0x1 Core/Src/main.o
                0x0000000020000091                sw_pushed
 *fill*         0x0000000020000092        0x2 
 .bss.msg       0x0000000020000094       0x64 Core/Src/main.o
                0x0000000020000094                msg
 .bss.left2     0x00000000200000f8        0x1 Core/Src/main.o
                0x00000000200000f8                left2
 .bss.left1     0x00000000200000f9        0x1 Core/Src/main.o
                0x00000000200000f9                left1
 .bss.center    0x00000000200000fa        0x1 Core/Src/main.o
                0x00000000200000fa                center
 .bss.right1    0x00000000200000fb        0x1 Core/Src/main.o
                0x00000000200000fb                right1
 .bss.right2    0x00000000200000fc        0x1 Core/Src/main.o
                0x00000000200000fc                right2
 .bss.after_turn_around
                0x00000000200000fd        0x1 Core/Src/main.o
                0x00000000200000fd                after_turn_around
 *fill*         0x00000000200000fe        0x2 
 .bss.front_left_enc_count
                0x0000000020000100        0x4 Core/Src/main.o
                0x0000000020000100                front_left_enc_count
 .bss.front_right_enc_count
                0x0000000020000104        0x4 Core/Src/main.o
                0x0000000020000104                front_right_enc_count
 .bss.back_left_enc_count
                0x0000000020000108        0x4 Core/Src/main.o
                0x0000000020000108                back_left_enc_count
 .bss.back_right_enc_count
                0x000000002000010c        0x4 Core/Src/main.o
                0x000000002000010c                back_right_enc_count
 .bss.wheel_enc_count
                0x0000000020000110       0x10 Core/Src/main.o
                0x0000000020000110                wheel_enc_count
 .bss.__sbrk_heap_end
                0x0000000020000120        0x4 Core/Src/sysmem.o
 .bss.__malloc_free_list
                0x0000000020000124        0x4 c:/st/stm32cubeide_1.6.1/stm32cubeide/plugins/com.st.stm32cube.ide.mcu.externaltools.gnu-tools-for-stm32.9-2020-q2-update.win32_1.5.0.202011040924/tools/bin/../lib/gcc/arm-none-eabi/9.3.1/../../../../arm-none-eabi/lib/thumb/v6-m/nofp\libc_nano.a(lib_a-nano-mallocr.o)
                0x0000000020000124                __malloc_free_list
 .bss.__malloc_sbrk_start
                0x0000000020000128        0x4 c:/st/stm32cubeide_1.6.1/stm32cubeide/plugins/com.st.stm32cube.ide.mcu.externaltools.gnu-tools-for-stm32.9-2020-q2-update.win32_1.5.0.202011040924/tools/bin/../lib/gcc/arm-none-eabi/9.3.1/../../../../arm-none-eabi/lib/thumb/v6-m/nofp\libc_nano.a(lib_a-nano-mallocr.o)
                0x0000000020000128                __malloc_sbrk_start
 *(COMMON)
 COMMON         0x000000002000012c      0x1f0 Core/Src/main.o
                0x000000002000012c                htim3
                0x0000000020000174                huart1
                0x00000000200001fc                htim6
                0x0000000020000244                htim1
                0x000000002000028c                htim2
                0x00000000200002d4                htim16
 COMMON         0x000000002000031c        0x4 Drivers/STM32F0xx_HAL_Driver/Src/stm32f0xx_hal.o
                0x000000002000031c                uwTick
 COMMON         0x0000000020000320        0x4 c:/st/stm32cubeide_1.6.1/stm32cubeide/plugins/com.st.stm32cube.ide.mcu.externaltools.gnu-tools-for-stm32.9-2020-q2-update.win32_1.5.0.202011040924/tools/bin/../lib/gcc/arm-none-eabi/9.3.1/../../../../arm-none-eabi/lib/thumb/v6-m/nofp\libc_nano.a(lib_a-reent.o)
                0x0000000020000320                errno
 COMMON         0x0000000020000324        0x9 c:/st/stm32cubeide_1.6.1/stm32cubeide/plugins/com.st.stm32cube.ide.mcu.externaltools.gnu-tools-for-stm32.9-2020-q2-update.win32_1.5.0.202011040924/tools/bin/../lib/gcc/arm-none-eabi/9.3.1/../../../../arm-none-eabi/lib/thumb/v6-m/nofp\libc_nano.a(lib_a-lock.o)
                0x0000000020000324                __lock___atexit_recursive_mutex
                0x0000000020000325                __lock___arc4random_mutex
                0x0000000020000326                __lock___env_recursive_mutex
                0x0000000020000327                __lock___sinit_recursive_mutex
                0x0000000020000328                __lock___malloc_recursive_mutex
                0x0000000020000329                __lock___at_quick_exit_mutex
                0x000000002000032a                __lock___dd_hash_mutex
                0x000000002000032b                __lock___tz_mutex
                0x000000002000032c                __lock___sfp_recursive_mutex
                0x0000000020000330                . = ALIGN (0x4)
 *fill*         0x000000002000032d        0x3 
                0x0000000020000330                _ebss = .
                0x0000000020000330                __bss_end__ = _ebss

._user_heap_stack
                0x0000000020000330      0x600 load address 0x00000000080075d4
                0x0000000020000330                . = ALIGN (0x8)
                [!provide]                        PROVIDE (end = .)
                0x0000000020000330                PROVIDE (_end = .)
                0x0000000020000530                . = (. + _Min_Heap_Size)
 *fill*         0x0000000020000330      0x200 
                0x0000000020000930                . = (. + _Min_Stack_Size)
 *fill*         0x0000000020000530      0x400 
                0x0000000020000930                . = ALIGN (0x8)

/DISCARD/
 libc.a(*)
 libm.a(*)
 libgcc.a(*)

.ARM.attributes
                0x0000000000000000       0x28
 *(.ARM.attributes)
 .ARM.attributes
                0x0000000000000000       0x1e c:/st/stm32cubeide_1.6.1/stm32cubeide/plugins/com.st.stm32cube.ide.mcu.externaltools.gnu-tools-for-stm32.9-2020-q2-update.win32_1.5.0.202011040924/tools/bin/../lib/gcc/arm-none-eabi/9.3.1/thumb/v6-m/nofp/crti.o
 .ARM.attributes
                0x000000000000001e       0x2c c:/st/stm32cubeide_1.6.1/stm32cubeide/plugins/com.st.stm32cube.ide.mcu.externaltools.gnu-tools-for-stm32.9-2020-q2-update.win32_1.5.0.202011040924/tools/bin/../lib/gcc/arm-none-eabi/9.3.1/thumb/v6-m/nofp/crtbegin.o
 .ARM.attributes
                0x000000000000004a       0x2c Core/Src/main.o
 .ARM.attributes
                0x0000000000000076       0x2c Core/Src/stm32f0xx_hal_msp.o
 .ARM.attributes
                0x00000000000000a2       0x2c Core/Src/stm32f0xx_it.o
 .ARM.attributes
                0x00000000000000ce       0x2c Core/Src/sysmem.o
 .ARM.attributes
                0x00000000000000fa       0x2c Core/Src/system_stm32f0xx.o
 .ARM.attributes
                0x0000000000000126       0x21 Core/Startup/startup_stm32f051r8tx.o
 .ARM.attributes
                0x0000000000000147       0x2c Drivers/STM32F0xx_HAL_Driver/Src/stm32f0xx_hal.o
 .ARM.attributes
                0x0000000000000173       0x2c Drivers/STM32F0xx_HAL_Driver/Src/stm32f0xx_hal_cortex.o
 .ARM.attributes
                0x000000000000019f       0x2c Drivers/STM32F0xx_HAL_Driver/Src/stm32f0xx_hal_dma.o
 .ARM.attributes
                0x00000000000001cb       0x2c Drivers/STM32F0xx_HAL_Driver/Src/stm32f0xx_hal_gpio.o
 .ARM.attributes
                0x00000000000001f7       0x2c Drivers/STM32F0xx_HAL_Driver/Src/stm32f0xx_hal_rcc.o
 .ARM.attributes
                0x0000000000000223       0x2c Drivers/STM32F0xx_HAL_Driver/Src/stm32f0xx_hal_rcc_ex.o
 .ARM.attributes
                0x000000000000024f       0x2c Drivers/STM32F0xx_HAL_Driver/Src/stm32f0xx_hal_tim.o
 .ARM.attributes
                0x000000000000027b       0x2c Drivers/STM32F0xx_HAL_Driver/Src/stm32f0xx_hal_tim_ex.o
 .ARM.attributes
                0x00000000000002a7       0x2c Drivers/STM32F0xx_HAL_Driver/Src/stm32f0xx_hal_uart.o
 .ARM.attributes
                0x00000000000002d3       0x2c Drivers/STM32F0xx_HAL_Driver/Src/stm32f0xx_hal_uart_ex.o
 .ARM.attributes
                0x00000000000002ff       0x2c c:/st/stm32cubeide_1.6.1/stm32cubeide/plugins/com.st.stm32cube.ide.mcu.externaltools.gnu-tools-for-stm32.9-2020-q2-update.win32_1.5.0.202011040924/tools/bin/../lib/gcc/arm-none-eabi/9.3.1/../../../../arm-none-eabi/lib/thumb/v6-m/nofp\libc_nano.a(lib_a-errno.o)
 .ARM.attributes
                0x000000000000032b       0x2c c:/st/stm32cubeide_1.6.1/stm32cubeide/plugins/com.st.stm32cube.ide.mcu.externaltools.gnu-tools-for-stm32.9-2020-q2-update.win32_1.5.0.202011040924/tools/bin/../lib/gcc/arm-none-eabi/9.3.1/../../../../arm-none-eabi/lib/thumb/v6-m/nofp\libc_nano.a(lib_a-impure.o)
 .ARM.attributes
                0x0000000000000357       0x2c c:/st/stm32cubeide_1.6.1/stm32cubeide/plugins/com.st.stm32cube.ide.mcu.externaltools.gnu-tools-for-stm32.9-2020-q2-update.win32_1.5.0.202011040924/tools/bin/../lib/gcc/arm-none-eabi/9.3.1/../../../../arm-none-eabi/lib/thumb/v6-m/nofp\libc_nano.a(lib_a-init.o)
 .ARM.attributes
                0x0000000000000383       0x2c c:/st/stm32cubeide_1.6.1/stm32cubeide/plugins/com.st.stm32cube.ide.mcu.externaltools.gnu-tools-for-stm32.9-2020-q2-update.win32_1.5.0.202011040924/tools/bin/../lib/gcc/arm-none-eabi/9.3.1/../../../../arm-none-eabi/lib/thumb/v6-m/nofp\libc_nano.a(lib_a-memset.o)
 .ARM.attributes
                0x00000000000003af       0x2c c:/st/stm32cubeide_1.6.1/stm32cubeide/plugins/com.st.stm32cube.ide.mcu.externaltools.gnu-tools-for-stm32.9-2020-q2-update.win32_1.5.0.202011040924/tools/bin/../lib/gcc/arm-none-eabi/9.3.1/../../../../arm-none-eabi/lib/thumb/v6-m/nofp\libc_nano.a(lib_a-sprintf.o)
 .ARM.attributes
                0x00000000000003db       0x1c c:/st/stm32cubeide_1.6.1/stm32cubeide/plugins/com.st.stm32cube.ide.mcu.externaltools.gnu-tools-for-stm32.9-2020-q2-update.win32_1.5.0.202011040924/tools/bin/../lib/gcc/arm-none-eabi/9.3.1/../../../../arm-none-eabi/lib/thumb/v6-m/nofp\libc_nano.a(lib_a-strlen.o)
 .ARM.attributes
                0x00000000000003f7       0x2c c:/st/stm32cubeide_1.6.1/stm32cubeide/plugins/com.st.stm32cube.ide.mcu.externaltools.gnu-tools-for-stm32.9-2020-q2-update.win32_1.5.0.202011040924/tools/bin/../lib/gcc/arm-none-eabi/9.3.1/../../../../arm-none-eabi/lib/thumb/v6-m/nofp\libc_nano.a(lib_a-nano-svfprintf.o)
 .ARM.attributes
                0x0000000000000423       0x2c c:/st/stm32cubeide_1.6.1/stm32cubeide/plugins/com.st.stm32cube.ide.mcu.externaltools.gnu-tools-for-stm32.9-2020-q2-update.win32_1.5.0.202011040924/tools/bin/../lib/gcc/arm-none-eabi/9.3.1/../../../../arm-none-eabi/lib/thumb/v6-m/nofp\libc_nano.a(lib_a-nano-vfprintf_i.o)
 .ARM.attributes
                0x000000000000044f       0x2c c:/st/stm32cubeide_1.6.1/stm32cubeide/plugins/com.st.stm32cube.ide.mcu.externaltools.gnu-tools-for-stm32.9-2020-q2-update.win32_1.5.0.202011040924/tools/bin/../lib/gcc/arm-none-eabi/9.3.1/../../../../arm-none-eabi/lib/thumb/v6-m/nofp\libc_nano.a(lib_a-memchr-stub.o)
 .ARM.attributes
                0x000000000000047b       0x2c c:/st/stm32cubeide_1.6.1/stm32cubeide/plugins/com.st.stm32cube.ide.mcu.externaltools.gnu-tools-for-stm32.9-2020-q2-update.win32_1.5.0.202011040924/tools/bin/../lib/gcc/arm-none-eabi/9.3.1/../../../../arm-none-eabi/lib/thumb/v6-m/nofp\libc_nano.a(lib_a-memcpy-stub.o)
 .ARM.attributes
                0x00000000000004a7       0x2c c:/st/stm32cubeide_1.6.1/stm32cubeide/plugins/com.st.stm32cube.ide.mcu.externaltools.gnu-tools-for-stm32.9-2020-q2-update.win32_1.5.0.202011040924/tools/bin/../lib/gcc/arm-none-eabi/9.3.1/../../../../arm-none-eabi/lib/thumb/v6-m/nofp\libc_nano.a(lib_a-memmove.o)
 .ARM.attributes
                0x00000000000004d3       0x2c c:/st/stm32cubeide_1.6.1/stm32cubeide/plugins/com.st.stm32cube.ide.mcu.externaltools.gnu-tools-for-stm32.9-2020-q2-update.win32_1.5.0.202011040924/tools/bin/../lib/gcc/arm-none-eabi/9.3.1/../../../../arm-none-eabi/lib/thumb/v6-m/nofp\libc_nano.a(lib_a-nano-freer.o)
 .ARM.attributes
                0x00000000000004ff       0x2c c:/st/stm32cubeide_1.6.1/stm32cubeide/plugins/com.st.stm32cube.ide.mcu.externaltools.gnu-tools-for-stm32.9-2020-q2-update.win32_1.5.0.202011040924/tools/bin/../lib/gcc/arm-none-eabi/9.3.1/../../../../arm-none-eabi/lib/thumb/v6-m/nofp\libc_nano.a(lib_a-nano-mallocr.o)
 .ARM.attributes
                0x000000000000052b       0x2c c:/st/stm32cubeide_1.6.1/stm32cubeide/plugins/com.st.stm32cube.ide.mcu.externaltools.gnu-tools-for-stm32.9-2020-q2-update.win32_1.5.0.202011040924/tools/bin/../lib/gcc/arm-none-eabi/9.3.1/../../../../arm-none-eabi/lib/thumb/v6-m/nofp\libc_nano.a(lib_a-nano-reallocr.o)
 .ARM.attributes
                0x0000000000000557       0x2c c:/st/stm32cubeide_1.6.1/stm32cubeide/plugins/com.st.stm32cube.ide.mcu.externaltools.gnu-tools-for-stm32.9-2020-q2-update.win32_1.5.0.202011040924/tools/bin/../lib/gcc/arm-none-eabi/9.3.1/../../../../arm-none-eabi/lib/thumb/v6-m/nofp\libc_nano.a(lib_a-sbrkr.o)
 .ARM.attributes
                0x0000000000000583       0x2c c:/st/stm32cubeide_1.6.1/stm32cubeide/plugins/com.st.stm32cube.ide.mcu.externaltools.gnu-tools-for-stm32.9-2020-q2-update.win32_1.5.0.202011040924/tools/bin/../lib/gcc/arm-none-eabi/9.3.1/../../../../arm-none-eabi/lib/thumb/v6-m/nofp\libc_nano.a(lib_a-mlock.o)
 .ARM.attributes
                0x00000000000005af       0x2c c:/st/stm32cubeide_1.6.1/stm32cubeide/plugins/com.st.stm32cube.ide.mcu.externaltools.gnu-tools-for-stm32.9-2020-q2-update.win32_1.5.0.202011040924/tools/bin/../lib/gcc/arm-none-eabi/9.3.1/../../../../arm-none-eabi/lib/thumb/v6-m/nofp\libc_nano.a(lib_a-nano-msizer.o)
 .ARM.attributes
                0x00000000000005db       0x2c c:/st/stm32cubeide_1.6.1/stm32cubeide/plugins/com.st.stm32cube.ide.mcu.externaltools.gnu-tools-for-stm32.9-2020-q2-update.win32_1.5.0.202011040924/tools/bin/../lib/gcc/arm-none-eabi/9.3.1/../../../../arm-none-eabi/lib/thumb/v6-m/nofp\libc_nano.a(lib_a-reent.o)
 .ARM.attributes
                0x0000000000000607       0x2c c:/st/stm32cubeide_1.6.1/stm32cubeide/plugins/com.st.stm32cube.ide.mcu.externaltools.gnu-tools-for-stm32.9-2020-q2-update.win32_1.5.0.202011040924/tools/bin/../lib/gcc/arm-none-eabi/9.3.1/../../../../arm-none-eabi/lib/thumb/v6-m/nofp\libc_nano.a(lib_a-lock.o)
 .ARM.attributes
                0x0000000000000633       0x1e c:/st/stm32cubeide_1.6.1/stm32cubeide/plugins/com.st.stm32cube.ide.mcu.externaltools.gnu-tools-for-stm32.9-2020-q2-update.win32_1.5.0.202011040924/tools/bin/../lib/gcc/arm-none-eabi/9.3.1/thumb/v6-m/nofp\libgcc.a(_thumb1_case_shi.o)
 .ARM.attributes
                0x0000000000000651       0x1e c:/st/stm32cubeide_1.6.1/stm32cubeide/plugins/com.st.stm32cube.ide.mcu.externaltools.gnu-tools-for-stm32.9-2020-q2-update.win32_1.5.0.202011040924/tools/bin/../lib/gcc/arm-none-eabi/9.3.1/thumb/v6-m/nofp\libgcc.a(_udivsi3.o)
 .ARM.attributes
                0x000000000000066f       0x1e c:/st/stm32cubeide_1.6.1/stm32cubeide/plugins/com.st.stm32cube.ide.mcu.externaltools.gnu-tools-for-stm32.9-2020-q2-update.win32_1.5.0.202011040924/tools/bin/../lib/gcc/arm-none-eabi/9.3.1/thumb/v6-m/nofp\libgcc.a(_dvmd_tls.o)
 .ARM.attributes
                0x000000000000068d       0x2c c:/st/stm32cubeide_1.6.1/stm32cubeide/plugins/com.st.stm32cube.ide.mcu.externaltools.gnu-tools-for-stm32.9-2020-q2-update.win32_1.5.0.202011040924/tools/bin/../lib/gcc/arm-none-eabi/9.3.1/thumb/v6-m/nofp\libgcc.a(_fixunsdfsi.o)
 .ARM.attributes
                0x00000000000006b9       0x2c c:/st/stm32cubeide_1.6.1/stm32cubeide/plugins/com.st.stm32cube.ide.mcu.externaltools.gnu-tools-for-stm32.9-2020-q2-update.win32_1.5.0.202011040924/tools/bin/../lib/gcc/arm-none-eabi/9.3.1/thumb/v6-m/nofp\libgcc.a(floatsisf.o)
 .ARM.attributes
                0x00000000000006e5       0x2c c:/st/stm32cubeide_1.6.1/stm32cubeide/plugins/com.st.stm32cube.ide.mcu.externaltools.gnu-tools-for-stm32.9-2020-q2-update.win32_1.5.0.202011040924/tools/bin/../lib/gcc/arm-none-eabi/9.3.1/thumb/v6-m/nofp\libgcc.a(floatunsisf.o)
 .ARM.attributes
                0x0000000000000711       0x2c c:/st/stm32cubeide_1.6.1/stm32cubeide/plugins/com.st.stm32cube.ide.mcu.externaltools.gnu-tools-for-stm32.9-2020-q2-update.win32_1.5.0.202011040924/tools/bin/../lib/gcc/arm-none-eabi/9.3.1/thumb/v6-m/nofp\libgcc.a(divdf3.o)
 .ARM.attributes
                0x000000000000073d       0x2c c:/st/stm32cubeide_1.6.1/stm32cubeide/plugins/com.st.stm32cube.ide.mcu.externaltools.gnu-tools-for-stm32.9-2020-q2-update.win32_1.5.0.202011040924/tools/bin/../lib/gcc/arm-none-eabi/9.3.1/thumb/v6-m/nofp\libgcc.a(muldf3.o)
 .ARM.attributes
                0x0000000000000769       0x2c c:/st/stm32cubeide_1.6.1/stm32cubeide/plugins/com.st.stm32cube.ide.mcu.externaltools.gnu-tools-for-stm32.9-2020-q2-update.win32_1.5.0.202011040924/tools/bin/../lib/gcc/arm-none-eabi/9.3.1/thumb/v6-m/nofp\libgcc.a(subdf3.o)
 .ARM.attributes
                0x0000000000000795       0x2c c:/st/stm32cubeide_1.6.1/stm32cubeide/plugins/com.st.stm32cube.ide.mcu.externaltools.gnu-tools-for-stm32.9-2020-q2-update.win32_1.5.0.202011040924/tools/bin/../lib/gcc/arm-none-eabi/9.3.1/thumb/v6-m/nofp\libgcc.a(fixdfsi.o)
 .ARM.attributes
                0x00000000000007c1       0x2c c:/st/stm32cubeide_1.6.1/stm32cubeide/plugins/com.st.stm32cube.ide.mcu.externaltools.gnu-tools-for-stm32.9-2020-q2-update.win32_1.5.0.202011040924/tools/bin/../lib/gcc/arm-none-eabi/9.3.1/thumb/v6-m/nofp\libgcc.a(floatunsidf.o)
 .ARM.attributes
                0x00000000000007ed       0x2c c:/st/stm32cubeide_1.6.1/stm32cubeide/plugins/com.st.stm32cube.ide.mcu.externaltools.gnu-tools-for-stm32.9-2020-q2-update.win32_1.5.0.202011040924/tools/bin/../lib/gcc/arm-none-eabi/9.3.1/thumb/v6-m/nofp\libgcc.a(extendsfdf2.o)
 .ARM.attributes
                0x0000000000000819       0x1e c:/st/stm32cubeide_1.6.1/stm32cubeide/plugins/com.st.stm32cube.ide.mcu.externaltools.gnu-tools-for-stm32.9-2020-q2-update.win32_1.5.0.202011040924/tools/bin/../lib/gcc/arm-none-eabi/9.3.1/thumb/v6-m/nofp\libgcc.a(_arm_cmpdf2.o)
 .ARM.attributes
                0x0000000000000837       0x1e c:/st/stm32cubeide_1.6.1/stm32cubeide/plugins/com.st.stm32cube.ide.mcu.externaltools.gnu-tools-for-stm32.9-2020-q2-update.win32_1.5.0.202011040924/tools/bin/../lib/gcc/arm-none-eabi/9.3.1/thumb/v6-m/nofp\libgcc.a(_clzsi2.o)
 .ARM.attributes
                0x0000000000000855       0x2c c:/st/stm32cubeide_1.6.1/stm32cubeide/plugins/com.st.stm32cube.ide.mcu.externaltools.gnu-tools-for-stm32.9-2020-q2-update.win32_1.5.0.202011040924/tools/bin/../lib/gcc/arm-none-eabi/9.3.1/thumb/v6-m/nofp\libgcc.a(eqdf2.o)
 .ARM.attributes
                0x0000000000000881       0x2c c:/st/stm32cubeide_1.6.1/stm32cubeide/plugins/com.st.stm32cube.ide.mcu.externaltools.gnu-tools-for-stm32.9-2020-q2-update.win32_1.5.0.202011040924/tools/bin/../lib/gcc/arm-none-eabi/9.3.1/thumb/v6-m/nofp\libgcc.a(gedf2.o)
 .ARM.attributes
                0x00000000000008ad       0x2c c:/st/stm32cubeide_1.6.1/stm32cubeide/plugins/com.st.stm32cube.ide.mcu.externaltools.gnu-tools-for-stm32.9-2020-q2-update.win32_1.5.0.202011040924/tools/bin/../lib/gcc/arm-none-eabi/9.3.1/thumb/v6-m/nofp\libgcc.a(ledf2.o)
 .ARM.attributes
                0x00000000000008d9       0x1e c:/st/stm32cubeide_1.6.1/stm32cubeide/plugins/com.st.stm32cube.ide.mcu.externaltools.gnu-tools-for-stm32.9-2020-q2-update.win32_1.5.0.202011040924/tools/bin/../lib/gcc/arm-none-eabi/9.3.1/thumb/v6-m/nofp/crtn.o
OUTPUT(Line Follower V4.elf elf32-littlearm)
LOAD linker stubs
LOAD c:/st/stm32cubeide_1.6.1/stm32cubeide/plugins/com.st.stm32cube.ide.mcu.externaltools.gnu-tools-for-stm32.9-2020-q2-update.win32_1.5.0.202011040924/tools/bin/../lib/gcc/arm-none-eabi/9.3.1/../../../../arm-none-eabi/lib/thumb/v6-m/nofp\libc.a
LOAD c:/st/stm32cubeide_1.6.1/stm32cubeide/plugins/com.st.stm32cube.ide.mcu.externaltools.gnu-tools-for-stm32.9-2020-q2-update.win32_1.5.0.202011040924/tools/bin/../lib/gcc/arm-none-eabi/9.3.1/../../../../arm-none-eabi/lib/thumb/v6-m/nofp\libm.a
LOAD c:/st/stm32cubeide_1.6.1/stm32cubeide/plugins/com.st.stm32cube.ide.mcu.externaltools.gnu-tools-for-stm32.9-2020-q2-update.win32_1.5.0.202011040924/tools/bin/../lib/gcc/arm-none-eabi/9.3.1/thumb/v6-m/nofp\libgcc.a

.debug_info     0x0000000000000000     0xfcb2
 .debug_info    0x0000000000000000     0x1f46 Core/Src/main.o
 .debug_info    0x0000000000001f46      0xf68 Core/Src/stm32f0xx_hal_msp.o
 .debug_info    0x0000000000002eae      0xb16 Core/Src/stm32f0xx_it.o
 .debug_info    0x00000000000039c4      0xa25 Core/Src/sysmem.o
 .debug_info    0x00000000000043e9      0x2c3 Core/Src/system_stm32f0xx.o
 .debug_info    0x00000000000046ac       0x22 Core/Startup/startup_stm32f051r8tx.o
 .debug_info    0x00000000000046ce      0x6ff Drivers/STM32F0xx_HAL_Driver/Src/stm32f0xx_hal.o
 .debug_info    0x0000000000004dcd      0x7d6 Drivers/STM32F0xx_HAL_Driver/Src/stm32f0xx_hal_cortex.o
 .debug_info    0x00000000000055a3      0x80a Drivers/STM32F0xx_HAL_Driver/Src/stm32f0xx_hal_dma.o
 .debug_info    0x0000000000005dad      0x6e5 Drivers/STM32F0xx_HAL_Driver/Src/stm32f0xx_hal_gpio.o
 .debug_info    0x0000000000006492      0x8a8 Drivers/STM32F0xx_HAL_Driver/Src/stm32f0xx_hal_rcc.o
 .debug_info    0x0000000000006d3a      0x40f Drivers/STM32F0xx_HAL_Driver/Src/stm32f0xx_hal_rcc_ex.o
 .debug_info    0x0000000000007149     0x2c01 Drivers/STM32F0xx_HAL_Driver/Src/stm32f0xx_hal_tim.o
 .debug_info    0x0000000000009d4a     0x154e Drivers/STM32F0xx_HAL_Driver/Src/stm32f0xx_hal_tim_ex.o
 .debug_info    0x000000000000b298     0x3d3a Drivers/STM32F0xx_HAL_Driver/Src/stm32f0xx_hal_uart.o
 .debug_info    0x000000000000efd2      0xce0 Drivers/STM32F0xx_HAL_Driver/Src/stm32f0xx_hal_uart_ex.o

.debug_abbrev   0x0000000000000000     0x20b7
 .debug_abbrev  0x0000000000000000      0x33c Core/Src/main.o
 .debug_abbrev  0x000000000000033c      0x206 Core/Src/stm32f0xx_hal_msp.o
 .debug_abbrev  0x0000000000000542      0x187 Core/Src/stm32f0xx_it.o
 .debug_abbrev  0x00000000000006c9      0x1bf Core/Src/sysmem.o
 .debug_abbrev  0x0000000000000888      0x145 Core/Src/system_stm32f0xx.o
 .debug_abbrev  0x00000000000009cd       0x12 Core/Startup/startup_stm32f051r8tx.o
 .debug_abbrev  0x00000000000009df      0x21e Drivers/STM32F0xx_HAL_Driver/Src/stm32f0xx_hal.o
 .debug_abbrev  0x0000000000000bfd      0x2a9 Drivers/STM32F0xx_HAL_Driver/Src/stm32f0xx_hal_cortex.o
 .debug_abbrev  0x0000000000000ea6      0x213 Drivers/STM32F0xx_HAL_Driver/Src/stm32f0xx_hal_dma.o
 .debug_abbrev  0x00000000000010b9      0x1e8 Drivers/STM32F0xx_HAL_Driver/Src/stm32f0xx_hal_gpio.o
 .debug_abbrev  0x00000000000012a1      0x23b Drivers/STM32F0xx_HAL_Driver/Src/stm32f0xx_hal_rcc.o
 .debug_abbrev  0x00000000000014dc      0x193 Drivers/STM32F0xx_HAL_Driver/Src/stm32f0xx_hal_rcc_ex.o
 .debug_abbrev  0x000000000000166f      0x26f Drivers/STM32F0xx_HAL_Driver/Src/stm32f0xx_hal_tim.o
 .debug_abbrev  0x00000000000018de      0x277 Drivers/STM32F0xx_HAL_Driver/Src/stm32f0xx_hal_tim_ex.o
 .debug_abbrev  0x0000000000001b55      0x2c2 Drivers/STM32F0xx_HAL_Driver/Src/stm32f0xx_hal_uart.o
 .debug_abbrev  0x0000000000001e17      0x2a0 Drivers/STM32F0xx_HAL_Driver/Src/stm32f0xx_hal_uart_ex.o

.debug_aranges  0x0000000000000000      0xcd8
 .debug_aranges
                0x0000000000000000       0xd0 Core/Src/main.o
 .debug_aranges
                0x00000000000000d0       0x48 Core/Src/stm32f0xx_hal_msp.o
 .debug_aranges
                0x0000000000000118       0x60 Core/Src/stm32f0xx_it.o
 .debug_aranges
                0x0000000000000178       0x20 Core/Src/sysmem.o
 .debug_aranges
                0x0000000000000198       0x28 Core/Src/system_stm32f0xx.o
 .debug_aranges
                0x00000000000001c0       0x28 Core/Startup/startup_stm32f051r8tx.o
 .debug_aranges
                0x00000000000001e8       0xd0 Drivers/STM32F0xx_HAL_Driver/Src/stm32f0xx_hal.o
 .debug_aranges
                0x00000000000002b8       0xc0 Drivers/STM32F0xx_HAL_Driver/Src/stm32f0xx_hal_cortex.o
 .debug_aranges
                0x0000000000000378       0x88 Drivers/STM32F0xx_HAL_Driver/Src/stm32f0xx_hal_dma.o
 .debug_aranges
                0x0000000000000400       0x58 Drivers/STM32F0xx_HAL_Driver/Src/stm32f0xx_hal_gpio.o
 .debug_aranges
                0x0000000000000458       0x80 Drivers/STM32F0xx_HAL_Driver/Src/stm32f0xx_hal_rcc.o
 .debug_aranges
                0x00000000000004d8       0x30 Drivers/STM32F0xx_HAL_Driver/Src/stm32f0xx_hal_rcc_ex.o
 .debug_aranges
                0x0000000000000508      0x3d0 Drivers/STM32F0xx_HAL_Driver/Src/stm32f0xx_hal_tim.o
 .debug_aranges
                0x00000000000008d8      0x168 Drivers/STM32F0xx_HAL_Driver/Src/stm32f0xx_hal_tim_ex.o
 .debug_aranges
                0x0000000000000a40      0x228 Drivers/STM32F0xx_HAL_Driver/Src/stm32f0xx_hal_uart.o
 .debug_aranges
                0x0000000000000c68       0x70 Drivers/STM32F0xx_HAL_Driver/Src/stm32f0xx_hal_uart_ex.o

.debug_ranges   0x0000000000000000      0xc10
 .debug_ranges  0x0000000000000000       0xc0 Core/Src/main.o
 .debug_ranges  0x00000000000000c0       0x38 Core/Src/stm32f0xx_hal_msp.o
 .debug_ranges  0x00000000000000f8       0x50 Core/Src/stm32f0xx_it.o
 .debug_ranges  0x0000000000000148       0x10 Core/Src/sysmem.o
 .debug_ranges  0x0000000000000158       0x18 Core/Src/system_stm32f0xx.o
 .debug_ranges  0x0000000000000170       0x20 Core/Startup/startup_stm32f051r8tx.o
 .debug_ranges  0x0000000000000190       0xc0 Drivers/STM32F0xx_HAL_Driver/Src/stm32f0xx_hal.o
 .debug_ranges  0x0000000000000250       0xb0 Drivers/STM32F0xx_HAL_Driver/Src/stm32f0xx_hal_cortex.o
 .debug_ranges  0x0000000000000300       0x78 Drivers/STM32F0xx_HAL_Driver/Src/stm32f0xx_hal_dma.o
 .debug_ranges  0x0000000000000378       0x48 Drivers/STM32F0xx_HAL_Driver/Src/stm32f0xx_hal_gpio.o
 .debug_ranges  0x00000000000003c0       0x70 Drivers/STM32F0xx_HAL_Driver/Src/stm32f0xx_hal_rcc.o
 .debug_ranges  0x0000000000000430       0x20 Drivers/STM32F0xx_HAL_Driver/Src/stm32f0xx_hal_rcc_ex.o
 .debug_ranges  0x0000000000000450      0x3c0 Drivers/STM32F0xx_HAL_Driver/Src/stm32f0xx_hal_tim.o
 .debug_ranges  0x0000000000000810      0x158 Drivers/STM32F0xx_HAL_Driver/Src/stm32f0xx_hal_tim_ex.o
 .debug_ranges  0x0000000000000968      0x248 Drivers/STM32F0xx_HAL_Driver/Src/stm32f0xx_hal_uart.o
 .debug_ranges  0x0000000000000bb0       0x60 Drivers/STM32F0xx_HAL_Driver/Src/stm32f0xx_hal_uart_ex.o

.debug_macro    0x0000000000000000    0x12bed
 .debug_macro   0x0000000000000000      0x360 Core/Src/main.o
 .debug_macro   0x0000000000000360      0xa7e Core/Src/main.o
 .debug_macro   0x0000000000000dde      0x133 Core/Src/main.o
 .debug_macro   0x0000000000000f11       0x2e Core/Src/main.o
 .debug_macro   0x0000000000000f3f       0x22 Core/Src/main.o
 .debug_macro   0x0000000000000f61       0x22 Core/Src/main.o
 .debug_macro   0x0000000000000f83       0x8e Core/Src/main.o
 .debug_macro   0x0000000000001011       0x51 Core/Src/main.o
 .debug_macro   0x0000000000001062      0x103 Core/Src/main.o
 .debug_macro   0x0000000000001165       0x6a Core/Src/main.o
 .debug_macro   0x00000000000011cf      0x1df Core/Src/main.o
 .debug_macro   0x00000000000013ae       0x1c Core/Src/main.o
 .debug_macro   0x00000000000013ca       0x22 Core/Src/main.o
 .debug_macro   0x00000000000013ec       0xb5 Core/Src/main.o
 .debug_macro   0x00000000000014a1      0x391 Core/Src/main.o
 .debug_macro   0x0000000000001832     0x8d00 Core/Src/main.o
 .debug_macro   0x000000000000a532       0x66 Core/Src/main.o
 .debug_macro   0x000000000000a598     0x34da Core/Src/main.o
 .debug_macro   0x000000000000da72      0x174 Core/Src/main.o
 .debug_macro   0x000000000000dbe6       0x55 Core/Src/main.o
 .debug_macro   0x000000000000dc3b      0x924 Core/Src/main.o
 .debug_macro   0x000000000000e55f      0x251 Core/Src/main.o
 .debug_macro   0x000000000000e7b0      0x1ae Core/Src/main.o
 .debug_macro   0x000000000000e95e      0x114 Core/Src/main.o
 .debug_macro   0x000000000000ea72      0x1a0 Core/Src/main.o
 .debug_macro   0x000000000000ec12      0x1ed Core/Src/main.o
 .debug_macro   0x000000000000edff       0x34 Core/Src/main.o
 .debug_macro   0x000000000000ee33       0x43 Core/Src/main.o
 .debug_macro   0x000000000000ee76       0x28 Core/Src/main.o
 .debug_macro   0x000000000000ee9e       0xb0 Core/Src/main.o
 .debug_macro   0x000000000000ef4e      0x199 Core/Src/main.o
 .debug_macro   0x000000000000f0e7      0x22c Core/Src/main.o
 .debug_macro   0x000000000000f313       0x61 Core/Src/main.o
 .debug_macro   0x000000000000f374       0xa5 Core/Src/main.o
 .debug_macro   0x000000000000f419       0x4c Core/Src/main.o
 .debug_macro   0x000000000000f465      0x112 Core/Src/main.o
 .debug_macro   0x000000000000f577      0x8f4 Core/Src/main.o
 .debug_macro   0x000000000000fe6b       0x28 Core/Src/main.o
 .debug_macro   0x000000000000fe93      0x5ba Core/Src/main.o
 .debug_macro   0x000000000001044d       0x3e Core/Src/main.o
 .debug_macro   0x000000000001048b      0x114 Core/Src/main.o
 .debug_macro   0x000000000001059f       0xf4 Core/Src/main.o
 .debug_macro   0x0000000000010693       0x52 Core/Src/main.o
 .debug_macro   0x00000000000106e5       0x18 Core/Src/main.o
 .debug_macro   0x00000000000106fd       0x3c Core/Src/main.o
 .debug_macro   0x0000000000010739       0x34 Core/Src/main.o
 .debug_macro   0x000000000001076d       0x16 Core/Src/main.o
 .debug_macro   0x0000000000010783       0x43 Core/Src/main.o
 .debug_macro   0x00000000000107c6       0x34 Core/Src/main.o
 .debug_macro   0x00000000000107fa       0x10 Core/Src/main.o
 .debug_macro   0x000000000001080a       0x58 Core/Src/main.o
 .debug_macro   0x0000000000010862       0x71 Core/Src/main.o
 .debug_macro   0x00000000000108d3       0x1c Core/Src/main.o
 .debug_macro   0x00000000000108ef      0x12a Core/Src/main.o
 .debug_macro   0x0000000000010a19      0x333 Core/Src/main.o
 .debug_macro   0x0000000000010d4c       0x10 Core/Src/main.o
 .debug_macro   0x0000000000010d5c       0x35 Core/Src/main.o
 .debug_macro   0x0000000000010d91       0x20 Core/Src/main.o
 .debug_macro   0x0000000000010db1       0x1c Core/Src/main.o
 .debug_macro   0x0000000000010dcd       0x10 Core/Src/main.o
 .debug_macro   0x0000000000010ddd       0x10 Core/Src/main.o
 .debug_macro   0x0000000000010ded       0x1c Core/Src/main.o
 .debug_macro   0x0000000000010e09       0x52 Core/Src/main.o
 .debug_macro   0x0000000000010e5b       0x22 Core/Src/main.o
 .debug_macro   0x0000000000010e7d       0x10 Core/Src/main.o
 .debug_macro   0x0000000000010e8d       0x40 Core/Src/main.o
 .debug_macro   0x0000000000010ecd       0xd5 Core/Src/main.o
 .debug_macro   0x0000000000010fa2       0x1c Core/Src/main.o
 .debug_macro   0x0000000000010fbe       0x3d Core/Src/main.o
 .debug_macro   0x0000000000010ffb       0x16 Core/Src/main.o
 .debug_macro   0x0000000000011011      0x145 Core/Src/main.o
 .debug_macro   0x0000000000011156      0x1d1 Core/Src/stm32f0xx_hal_msp.o
 .debug_macro   0x0000000000011327      0x1db Core/Src/stm32f0xx_it.o
 .debug_macro   0x0000000000011502       0xff Core/Src/sysmem.o
 .debug_macro   0x0000000000011601      0x23b Core/Src/sysmem.o
 .debug_macro   0x000000000001183c      0x1c2 Core/Src/system_stm32f0xx.o
 .debug_macro   0x00000000000119fe      0x1e6 Drivers/STM32F0xx_HAL_Driver/Src/stm32f0xx_hal.o
 .debug_macro   0x0000000000011be4      0x1c2 Drivers/STM32F0xx_HAL_Driver/Src/stm32f0xx_hal_cortex.o
 .debug_macro   0x0000000000011da6      0x1c2 Drivers/STM32F0xx_HAL_Driver/Src/stm32f0xx_hal_dma.o
 .debug_macro   0x0000000000011f68      0x1c9 Drivers/STM32F0xx_HAL_Driver/Src/stm32f0xx_hal_gpio.o
 .debug_macro   0x0000000000012131      0x1d4 Drivers/STM32F0xx_HAL_Driver/Src/stm32f0xx_hal_rcc.o
 .debug_macro   0x0000000000012305      0x1c2 Drivers/STM32F0xx_HAL_Driver/Src/stm32f0xx_hal_rcc_ex.o
 .debug_macro   0x00000000000124c7      0x1c3 Drivers/STM32F0xx_HAL_Driver/Src/stm32f0xx_hal_tim.o
 .debug_macro   0x000000000001268a      0x1c2 Drivers/STM32F0xx_HAL_Driver/Src/stm32f0xx_hal_tim_ex.o
 .debug_macro   0x000000000001284c      0x1df Drivers/STM32F0xx_HAL_Driver/Src/stm32f0xx_hal_uart.o
 .debug_macro   0x0000000000012a2b      0x1c2 Drivers/STM32F0xx_HAL_Driver/Src/stm32f0xx_hal_uart_ex.o

.debug_line     0x0000000000000000     0xf575
 .debug_line    0x0000000000000000     0x1090 Core/Src/main.o
 .debug_line    0x0000000000001090      0x86c Core/Src/stm32f0xx_hal_msp.o
 .debug_line    0x00000000000018fc      0x7a7 Core/Src/stm32f0xx_it.o
 .debug_line    0x00000000000020a3      0x4f8 Core/Src/sysmem.o
 .debug_line    0x000000000000259b      0x752 Core/Src/system_stm32f0xx.o
 .debug_line    0x0000000000002ced       0x89 Core/Startup/startup_stm32f051r8tx.o
 .debug_line    0x0000000000002d76      0x95d Drivers/STM32F0xx_HAL_Driver/Src/stm32f0xx_hal.o
 .debug_line    0x00000000000036d3      0xa09 Drivers/STM32F0xx_HAL_Driver/Src/stm32f0xx_hal_cortex.o
 .debug_line    0x00000000000040dc      0xc81 Drivers/STM32F0xx_HAL_Driver/Src/stm32f0xx_hal_dma.o
 .debug_line    0x0000000000004d5d      0xad8 Drivers/STM32F0xx_HAL_Driver/Src/stm32f0xx_hal_gpio.o
 .debug_line    0x0000000000005835      0xd45 Drivers/STM32F0xx_HAL_Driver/Src/stm32f0xx_hal_rcc.o
 .debug_line    0x000000000000657a      0x903 Drivers/STM32F0xx_HAL_Driver/Src/stm32f0xx_hal_rcc_ex.o
 .debug_line    0x0000000000006e7d     0x36b5 Drivers/STM32F0xx_HAL_Driver/Src/stm32f0xx_hal_tim.o
 .debug_line    0x000000000000a532     0x18f1 Drivers/STM32F0xx_HAL_Driver/Src/stm32f0xx_hal_tim_ex.o
 .debug_line    0x000000000000be23     0x2bf9 Drivers/STM32F0xx_HAL_Driver/Src/stm32f0xx_hal_uart.o
 .debug_line    0x000000000000ea1c      0xb59 Drivers/STM32F0xx_HAL_Driver/Src/stm32f0xx_hal_uart_ex.o

.debug_str      0x0000000000000000    0x7224a
 .debug_str     0x0000000000000000    0x6f44f Core/Src/main.o
                                      0x6f923 (size before relaxing)
 .debug_str     0x000000000006f44f       0xa0 Core/Src/stm32f0xx_hal_msp.o
                                      0x6b1a4 (size before relaxing)
 .debug_str     0x000000000006f4ef       0xa9 Core/Src/stm32f0xx_it.o
                                      0x6af5e (size before relaxing)
 .debug_str     0x000000000006f598      0x4e9 Core/Src/sysmem.o
                                       0x61d2 (size before relaxing)
 .debug_str     0x000000000006fa81       0x5f Core/Src/system_stm32f0xx.o
                                      0x6a41e (size before relaxing)
 .debug_str     0x000000000006fae0       0x36 Core/Startup/startup_stm32f051r8tx.o
                                         0x94 (size before relaxing)
 .debug_str     0x000000000006fb16      0x317 Drivers/STM32F0xx_HAL_Driver/Src/stm32f0xx_hal.o
                                      0x6a95f (size before relaxing)
 .debug_str     0x000000000006fe2d      0x1f0 Drivers/STM32F0xx_HAL_Driver/Src/stm32f0xx_hal_cortex.o
                                      0x6a813 (size before relaxing)
 .debug_str     0x000000000007001d      0x248 Drivers/STM32F0xx_HAL_Driver/Src/stm32f0xx_hal_dma.o
                                      0x6a7f6 (size before relaxing)
 .debug_str     0x0000000000070265      0x131 Drivers/STM32F0xx_HAL_Driver/Src/stm32f0xx_hal_gpio.o
                                      0x6a5fd (size before relaxing)
 .debug_str     0x0000000000070396      0x240 Drivers/STM32F0xx_HAL_Driver/Src/stm32f0xx_hal_rcc.o
                                      0x6a828 (size before relaxing)
 .debug_str     0x00000000000705d6       0xb1 Drivers/STM32F0xx_HAL_Driver/Src/stm32f0xx_hal_rcc_ex.o
                                      0x6a56c (size before relaxing)
 .debug_str     0x0000000000070687      0xd36 Drivers/STM32F0xx_HAL_Driver/Src/stm32f0xx_hal_tim.o
                                      0x6b7e9 (size before relaxing)
 .debug_str     0x00000000000713bd      0x45a Drivers/STM32F0xx_HAL_Driver/Src/stm32f0xx_hal_tim_ex.o
                                      0x6af8a (size before relaxing)
 .debug_str     0x0000000000071817      0x87b Drivers/STM32F0xx_HAL_Driver/Src/stm32f0xx_hal_uart.o
                                      0x6b11a (size before relaxing)
 .debug_str     0x0000000000072092      0x1b8 Drivers/STM32F0xx_HAL_Driver/Src/stm32f0xx_hal_uart_ex.o
                                      0x6aa35 (size before relaxing)

.comment        0x0000000000000000       0x53
 .comment       0x0000000000000000       0x53 Core/Src/main.o
                                         0x54 (size before relaxing)
 .comment       0x0000000000000053       0x54 Core/Src/stm32f0xx_hal_msp.o
 .comment       0x0000000000000053       0x54 Core/Src/stm32f0xx_it.o
 .comment       0x0000000000000053       0x54 Core/Src/sysmem.o
 .comment       0x0000000000000053       0x54 Core/Src/system_stm32f0xx.o
 .comment       0x0000000000000053       0x54 Drivers/STM32F0xx_HAL_Driver/Src/stm32f0xx_hal.o
 .comment       0x0000000000000053       0x54 Drivers/STM32F0xx_HAL_Driver/Src/stm32f0xx_hal_cortex.o
 .comment       0x0000000000000053       0x54 Drivers/STM32F0xx_HAL_Driver/Src/stm32f0xx_hal_dma.o
 .comment       0x0000000000000053       0x54 Drivers/STM32F0xx_HAL_Driver/Src/stm32f0xx_hal_gpio.o
 .comment       0x0000000000000053       0x54 Drivers/STM32F0xx_HAL_Driver/Src/stm32f0xx_hal_rcc.o
 .comment       0x0000000000000053       0x54 Drivers/STM32F0xx_HAL_Driver/Src/stm32f0xx_hal_rcc_ex.o
 .comment       0x0000000000000053       0x54 Drivers/STM32F0xx_HAL_Driver/Src/stm32f0xx_hal_tim.o
 .comment       0x0000000000000053       0x54 Drivers/STM32F0xx_HAL_Driver/Src/stm32f0xx_hal_tim_ex.o
 .comment       0x0000000000000053       0x54 Drivers/STM32F0xx_HAL_Driver/Src/stm32f0xx_hal_uart.o
 .comment       0x0000000000000053       0x54 Drivers/STM32F0xx_HAL_Driver/Src/stm32f0xx_hal_uart_ex.o

.debug_frame    0x0000000000000000     0x3400
 .debug_frame   0x0000000000000000      0x2dc Core/Src/main.o
 .debug_frame   0x00000000000002dc       0xd0 Core/Src/stm32f0xx_hal_msp.o
 .debug_frame   0x00000000000003ac      0x10c Core/Src/stm32f0xx_it.o
 .debug_frame   0x00000000000004b8       0x30 Core/Src/sysmem.o
 .debug_frame   0x00000000000004e8       0x4c Core/Src/system_stm32f0xx.o
 .debug_frame   0x0000000000000534      0x2a4 Drivers/STM32F0xx_HAL_Driver/Src/stm32f0xx_hal.o
 .debug_frame   0x00000000000007d8      0x2a0 Drivers/STM32F0xx_HAL_Driver/Src/stm32f0xx_hal_cortex.o
 .debug_frame   0x0000000000000a78      0x1d0 Drivers/STM32F0xx_HAL_Driver/Src/stm32f0xx_hal_dma.o
 .debug_frame   0x0000000000000c48      0x110 Drivers/STM32F0xx_HAL_Driver/Src/stm32f0xx_hal_gpio.o
 .debug_frame   0x0000000000000d58      0x198 Drivers/STM32F0xx_HAL_Driver/Src/stm32f0xx_hal_rcc.o
 .debug_frame   0x0000000000000ef0       0x70 Drivers/STM32F0xx_HAL_Driver/Src/stm32f0xx_hal_rcc_ex.o
 .debug_frame   0x0000000000000f60      0xf00 Drivers/STM32F0xx_HAL_Driver/Src/stm32f0xx_hal_tim.o
 .debug_frame   0x0000000000001e60      0x560 Drivers/STM32F0xx_HAL_Driver/Src/stm32f0xx_hal_tim_ex.o
 .debug_frame   0x00000000000023c0      0x850 Drivers/STM32F0xx_HAL_Driver/Src/stm32f0xx_hal_uart.o
 .debug_frame   0x0000000000002c10      0x174 Drivers/STM32F0xx_HAL_Driver/Src/stm32f0xx_hal_uart_ex.o
 .debug_frame   0x0000000000002d84       0x20 c:/st/stm32cubeide_1.6.1/stm32cubeide/plugins/com.st.stm32cube.ide.mcu.externaltools.gnu-tools-for-stm32.9-2020-q2-update.win32_1.5.0.202011040924/tools/bin/../lib/gcc/arm-none-eabi/9.3.1/../../../../arm-none-eabi/lib/thumb/v6-m/nofp\libc_nano.a(lib_a-errno.o)
 .debug_frame   0x0000000000002da4       0x2c c:/st/stm32cubeide_1.6.1/stm32cubeide/plugins/com.st.stm32cube.ide.mcu.externaltools.gnu-tools-for-stm32.9-2020-q2-update.win32_1.5.0.202011040924/tools/bin/../lib/gcc/arm-none-eabi/9.3.1/../../../../arm-none-eabi/lib/thumb/v6-m/nofp\libc_nano.a(lib_a-init.o)
 .debug_frame   0x0000000000002dd0       0x20 c:/st/stm32cubeide_1.6.1/stm32cubeide/plugins/com.st.stm32cube.ide.mcu.externaltools.gnu-tools-for-stm32.9-2020-q2-update.win32_1.5.0.202011040924/tools/bin/../lib/gcc/arm-none-eabi/9.3.1/../../../../arm-none-eabi/lib/thumb/v6-m/nofp\libc_nano.a(lib_a-memset.o)
 .debug_frame   0x0000000000002df0       0x48 c:/st/stm32cubeide_1.6.1/stm32cubeide/plugins/com.st.stm32cube.ide.mcu.externaltools.gnu-tools-for-stm32.9-2020-q2-update.win32_1.5.0.202011040924/tools/bin/../lib/gcc/arm-none-eabi/9.3.1/../../../../arm-none-eabi/lib/thumb/v6-m/nofp\libc_nano.a(lib_a-sprintf.o)
 .debug_frame   0x0000000000002e38       0x74 c:/st/stm32cubeide_1.6.1/stm32cubeide/plugins/com.st.stm32cube.ide.mcu.externaltools.gnu-tools-for-stm32.9-2020-q2-update.win32_1.5.0.202011040924/tools/bin/../lib/gcc/arm-none-eabi/9.3.1/../../../../arm-none-eabi/lib/thumb/v6-m/nofp\libc_nano.a(lib_a-nano-svfprintf.o)
 .debug_frame   0x0000000000002eac       0x54 c:/st/stm32cubeide_1.6.1/stm32cubeide/plugins/com.st.stm32cube.ide.mcu.externaltools.gnu-tools-for-stm32.9-2020-q2-update.win32_1.5.0.202011040924/tools/bin/../lib/gcc/arm-none-eabi/9.3.1/../../../../arm-none-eabi/lib/thumb/v6-m/nofp\libc_nano.a(lib_a-nano-vfprintf_i.o)
 .debug_frame   0x0000000000002f00       0x20 c:/st/stm32cubeide_1.6.1/stm32cubeide/plugins/com.st.stm32cube.ide.mcu.externaltools.gnu-tools-for-stm32.9-2020-q2-update.win32_1.5.0.202011040924/tools/bin/../lib/gcc/arm-none-eabi/9.3.1/../../../../arm-none-eabi/lib/thumb/v6-m/nofp\libc_nano.a(lib_a-memchr-stub.o)
 .debug_frame   0x0000000000002f20       0x28 c:/st/stm32cubeide_1.6.1/stm32cubeide/plugins/com.st.stm32cube.ide.mcu.externaltools.gnu-tools-for-stm32.9-2020-q2-update.win32_1.5.0.202011040924/tools/bin/../lib/gcc/arm-none-eabi/9.3.1/../../../../arm-none-eabi/lib/thumb/v6-m/nofp\libc_nano.a(lib_a-memcpy-stub.o)
 .debug_frame   0x0000000000002f48       0x28 c:/st/stm32cubeide_1.6.1/stm32cubeide/plugins/com.st.stm32cube.ide.mcu.externaltools.gnu-tools-for-stm32.9-2020-q2-update.win32_1.5.0.202011040924/tools/bin/../lib/gcc/arm-none-eabi/9.3.1/../../../../arm-none-eabi/lib/thumb/v6-m/nofp\libc_nano.a(lib_a-memmove.o)
 .debug_frame   0x0000000000002f70       0x2c c:/st/stm32cubeide_1.6.1/stm32cubeide/plugins/com.st.stm32cube.ide.mcu.externaltools.gnu-tools-for-stm32.9-2020-q2-update.win32_1.5.0.202011040924/tools/bin/../lib/gcc/arm-none-eabi/9.3.1/../../../../arm-none-eabi/lib/thumb/v6-m/nofp\libc_nano.a(lib_a-nano-freer.o)
 .debug_frame   0x0000000000002f9c       0x30 c:/st/stm32cubeide_1.6.1/stm32cubeide/plugins/com.st.stm32cube.ide.mcu.externaltools.gnu-tools-for-stm32.9-2020-q2-update.win32_1.5.0.202011040924/tools/bin/../lib/gcc/arm-none-eabi/9.3.1/../../../../arm-none-eabi/lib/thumb/v6-m/nofp\libc_nano.a(lib_a-nano-mallocr.o)
 .debug_frame   0x0000000000002fcc       0x30 c:/st/stm32cubeide_1.6.1/stm32cubeide/plugins/com.st.stm32cube.ide.mcu.externaltools.gnu-tools-for-stm32.9-2020-q2-update.win32_1.5.0.202011040924/tools/bin/../lib/gcc/arm-none-eabi/9.3.1/../../../../arm-none-eabi/lib/thumb/v6-m/nofp\libc_nano.a(lib_a-nano-reallocr.o)