main.c:116:5:main	8	static
main.c:354:6:SystemClock_Config	104	static
main.c:399:13:MX_TIM1_Init	96	static
main.c:479:13:MX_TIM2_Init	64	static
main.c:542:13:MX_TIM3_Init	48	static
main.c:612:13:MX_TIM6_Init	16	static
main.c:650:13:MX_TIM16_Init	8	static
main.c:682:13:MX_USART1_UART_Init	8	static
main.c:717:13:MX_GPIO_Init	56	static
main.c:764:10:calc_pulse_val	24	static
main.c:768:10:calc_inv_pulse_val	24	static
main.c:772:6:record_current_enc_pos	8	static
main.c:779:9:suff_dist_traveled	16	static
main.c:791:6:move_forward	8	static
main.c:810:6:move_backward	8	static
main.c:829:6:steer_right	8	static
main.c:848:6:steer_left	8	static
main.c:867:6:stop	8	static
main.c:882:6:EXTI2_3_IRQHandler	8	static
main.c:886:6:HAL_GPIO_EXTI_Callback	16	static
main.c:892:6:HAL_TIM_PeriodElapsedCallback	48	static
main.c:927:6:HAL_TIM_IC_CaptureCallback	16	static
main.c:953:6:Error_Handler	8	static,ignoring_inline_asm
