main.c:135:5:main	16	static
main.c:457:6:SystemClock_Config	104	static
main.c:502:13:MX_TIM1_Init	96	static
main.c:582:13:MX_TIM2_Init	64	static
main.c:645:13:MX_TIM3_Init	48	static
main.c:715:13:MX_TIM6_Init	16	static
main.c:753:13:MX_TIM16_Init	8	static
main.c:785:13:MX_USART1_UART_Init	8	static
main.c:818:13:MX_DMA_Init	16	static
main.c:836:13:MX_GPIO_Init	56	static
main.c:895:10:calc_pulse_val	24	static
main.c:900:10:calc_inv_pulse_val	24	static
main.c:905:6:record_current_enc_pos	8	static
main.c:913:9:suff_dist_traveled	16	static
main.c:925:6:move_forward	8	static
main.c:943:6:move_backward	8	static
main.c:961:6:steer_right	8	static
main.c:979:6:steer_left	8	static
main.c:997:6:stop	8	static
main.c:1011:6:transmit_data	72	static
main.c:1041:6:process_data	16	static
main.c:1048:6:EXTI2_3_IRQHandler	8	static
main.c:1052:6:HAL_GPIO_EXTI_Callback	16	static
main.c:1058:6:HAL_TIM_PeriodElapsedCallback	48	static
main.c:1094:6:HAL_TIM_IC_CaptureCallback	16	static
main.c:1114:6:HAL_UART_RxCpltCallback	16	static
main.c:1124:6:Error_Handler	8	static,ignoring_inline_asm
