main.c:142:5:main	24	static
main.c:595:6:SystemClock_Config	104	static
main.c:640:13:MX_TIM1_Init	96	static
main.c:720:13:MX_TIM2_Init	64	static
main.c:783:13:MX_TIM3_Init	48	static
main.c:853:13:MX_TIM6_Init	16	static
main.c:891:13:MX_TIM16_Init	8	static
main.c:923:13:MX_USART1_UART_Init	8	static
main.c:956:13:MX_DMA_Init	16	static
main.c:974:13:MX_GPIO_Init	56	static
main.c:1033:10:calc_pulse_val	24	static
main.c:1038:10:calc_inv_pulse_val	24	static
main.c:1043:6:record_current_enc_pos	8	static
main.c:1051:9:suff_dist_traveled	16	static
main.c:1063:6:move_forward	16	static
main.c:1081:6:move_backward	16	static
main.c:1099:6:steer_right	16	static
main.c:1117:6:steer_left	16	static
main.c:1135:6:stop	8	static
main.c:1149:6:transmit_data	72	static
main.c:1179:9:process_data	16	static
main.c:1204:6:EXTI2_3_IRQHandler	8	static
main.c:1208:6:HAL_GPIO_EXTI_Callback	16	static
main.c:1214:6:HAL_TIM_PeriodElapsedCallback	48	static
main.c:1248:6:HAL_TIM_IC_CaptureCallback	16	static
main.c:1268:6:HAL_UART_RxCpltCallback	16	static
main.c:1279:6:Error_Handler	8	static,ignoring_inline_asm
