main.c:117:5:main	8	static
main.c:378:6:SystemClock_Config	104	static
main.c:423:13:MX_TIM1_Init	96	static
main.c:503:13:MX_TIM2_Init	64	static
main.c:566:13:MX_TIM3_Init	48	static
main.c:636:13:MX_TIM6_Init	16	static
main.c:674:13:MX_TIM16_Init	8	static
main.c:706:13:MX_USART1_UART_Init	8	static
main.c:741:13:MX_GPIO_Init	56	static
main.c:790:10:calc_pulse_val	24	static
main.c:795:10:calc_inv_pulse_val	24	static
main.c:800:6:record_current_enc_pos	8	static
main.c:808:9:suff_dist_traveled	16	static
main.c:820:6:move_forward	8	static
main.c:838:6:move_backward	8	static
main.c:856:6:steer_right	8	static
main.c:874:6:steer_left	8	static
main.c:892:6:stop	8	static
main.c:906:6:EXTI2_3_IRQHandler	8	static
main.c:910:6:HAL_GPIO_EXTI_Callback	16	static
main.c:916:6:HAL_TIM_PeriodElapsedCallback	96	static
main.c:951:6:HAL_TIM_IC_CaptureCallback	16	static
main.c:977:6:Error_Handler	8	static,ignoring_inline_asm
