main.c:112:5:main	8	static
main.c:292:6:SystemClock_Config	104	static
main.c:337:13:MX_TIM1_Init	96	static
main.c:417:13:MX_TIM2_Init	64	static
main.c:480:13:MX_TIM3_Init	48	static
main.c:550:13:MX_TIM6_Init	16	static
main.c:588:13:MX_TIM16_Init	8	static
main.c:620:13:MX_USART1_UART_Init	8	static
main.c:655:13:MX_GPIO_Init	56	static
main.c:702:10:calc_pulse_val	24	static
main.c:706:10:calc_inv_pulse_val	24	static
main.c:710:6:move_forward	8	static
main.c:729:6:move_backward	8	static
main.c:748:6:steer_right	8	static
main.c:767:6:steer_left	8	static
main.c:786:6:stop	8	static
main.c:801:6:EXTI2_3_IRQHandler	8	static
main.c:805:6:HAL_GPIO_EXTI_Callback	16	static
main.c:811:6:HAL_TIM_PeriodElapsedCallback	96	static
main.c:846:6:HAL_TIM_IC_CaptureCallback	16	static
main.c:872:6:Error_Handler	8	static,ignoring_inline_asm
